05-08 01:00:00.335 17561 17584 I TestRunner: started: testLogoutFlow(com.example.mad_toodle.LogoutTest)
05-08 01:00:00.407 17561 17584 I FirebaseAuth: Logging in as koogoyal@gmail.com with empty reCAPTCHA token
05-08 01:00:00.424 17561 17590 W System  : Ignoring header X-Firebase-Locale because its value was null.
05-08 01:00:00.453  5084 17594 E Netd    : To use pid in case SEC_PRODUCT_FEATURE_KNOX_SUPPORT_NPA is false, to remove build error (unused variable)
05-08 01:00:00.513  5488  5872 D NetdEventListenerService: DNS Requested by : 156, 12344, 0
05-08 01:00:01.031  5955  6031 D MobileStatusTracker(0/1): onDataActivity: direction=3
05-08 01:00:01.033  5955  6031 D NetworkController.MobileSignalController(0/1): notifyListener: enabled=true, connected=true, dataConnected=true, networkType=LTE (4G), emergencyOnly=false, roaming=false, isDefault=true, fiveGAvailable=false, mmWave=false, showDisabledDataIcon=false, voWifiConnected=false, dataActivity=inout, simState=LOADED, cardOperator=AIRTEL, simCardActivated=1
05-08 01:00:01.452 17561 17590 W System  : Ignoring header X-Firebase-Locale because its value was null.
05-08 01:00:01.565  5105  5146 D BatteryDump: wait_for_battery_event : occurred : change@/devices/platform/battery/power_supply/battery
05-08 01:00:01.572  5105  5105 E android.hardware.health@2.1-service-samsung: Could not open /sys/class/power_supply/battery/lrp
05-08 01:00:03.063 17561 17590 D FirebaseAuth: Notifying id token listeners about user ( UiAbQNhf6kYGYvippi2G1Aolbmg1 ).
05-08 01:00:03.064 17561 17590 D FirebaseAuth: Notifying auth state listeners about user ( UiAbQNhf6kYGYvippi2G1Aolbmg1 ).
05-08 01:00:03.083 17561 17584 W Settings: Setting always_finish_activities has moved from android.provider.Settings.System to android.provider.Settings.Global, returning read-only value.
05-08 01:00:03.124  5488  6487 D PkgPredictorService-IpmAdcpController: create a new DexPreloadTask pkg:com.example.mad_toodle  path:/data/app/~~Xcv_B7NIhl43f4pDatsvhA==/com.example.mad_toodle-oaZ2ZsUsauQG74BO1SSB6g==
05-08 01:00:03.125  5488  6518 I SemDvfsHyPerManager: acquire hyper - AMS_APP_SWITCH/5488@20, type = -999
05-08 01:00:03.126  5113  5155 I HYPER-HAL: [RequestManager.cpp]acquire(): Acquired ID : 15171806  [5488 / 20]    HINT : AMS_APP_SWITCH    list :
05-08 01:00:03.128  7667  7667 I SemDvfsHyPerManager: acquire hyper - APP_START_SHORT/7667@13, type = -999
05-08 01:00:03.129  5113  5155 I HYPER-HAL: [RequestManager.cpp]acquire(): Acquired ID : 29495053  [7667 / 13]    HINT : APP_START    list : [TIMEOUT / 1500]
05-08 01:00:03.132  5142  5736 I SurfaceFlinger: id=31579 createSurf (0x0),-1 flag=24004, Task=9152#0
05-08 01:00:03.140  5142  5736 I SurfaceFlinger: id=31580 createSurf (0x0),-1 flag=80004, ActivityRecord{f4d378e u0 com.example.mad_toodle/.HomeActivity t9152}#0
05-08 01:00:03.151  5488  7744 I SemDvfsHyPerManager: acquire hyper - AMS_APP_LAUNCH/5488@13, type = -999
05-08 01:00:03.152  5113  5155 I HYPER-HAL: [RequestManager.cpp]acquire(): Acquired ID : 15133264  [5488 / 13]    HINT : AMS_APP_LAUNCH    list :
05-08 01:00:03.153  6447  6447 I BaseActivity: removeActivityFlags, flags : 16
05-08 01:00:03.153  7667  7667 I SemDvfsHyPerManager: acquire hyper - APP_START/7667@14, type = -999
05-08 01:00:03.153  6447  6447 I BaseActivity: removeActivityFlags, flags : 6
05-08 01:00:03.153  6447  6447 I DragController: endDrag
05-08 01:00:03.153  6447  6447 W LauncherAppWidgetHost: setShouldListenFlag, mFlags:15 flag:resume on:false isFront:false
05-08 01:00:03.154  6447  6447 I DecorView: notifyKeepScreenOnChanged: keepScreenOn=false
05-08 01:00:03.154  6447  6447 I MSHandlerLifeCycle: isMultiSplitHandlerRequested: windowingMode=1 isFullscreen=true isPopOver=false isHidden=false skipActivityType=true isHandlerType=true this: DecorView@bb63ad6[LauncherActivity]
05-08 01:00:03.154  6447  6447 I MSHandlerLifeCycle: isMultiSplitHandlerRequested: ignored. pkg=com.sec.android.app.launcher callers=com.android.internal.policy.DecorView.hasMultiSplitHandlerInNonFreeformMode:891 com.android.internal.policy.DecorView.notifyKeepScreenOnChanged:885 android.view.ViewRootImpl.applyKeepScreenOnFlag:2945 android.view.ViewRootImpl.setLayoutParams:2108 android.view.WindowManagerGlobal.updateViewLayout:537
05-08 01:00:03.155  6447  6447 I SPayUpdater: updateSpayHandler launcher activity is paused false
05-08 01:00:03.155  5488  7741 D InputTransport: Input channel constructed: 'a2367a8', fd=978
05-08 01:00:03.155  5488  7741 D InputTransport: Input channel constructed: 'a2367a8', fd=982
05-08 01:00:03.155  5488  7741 D InputTransport: Input channel constructed: 'a2367a8', fd=984
05-08 01:00:03.155  5955  5955 D PipMotionHelper: animateToOffset: originalBounds=Rect(533, 1888 - 1038, 2172) offset=0 callers=
05-08 01:00:03.155  5955  5955 D PipMotionHelper:     com.android.wm.shell.pip.phone.PipTouchHandler.onMovementBoundsChanged:482
05-08 01:00:03.155  5955  5955 D PipMotionHelper:     com.android.wm.shell.pip.phone.PipController.updateMovementBounds:715
05-08 01:00:03.155  5955  5955 D PipMotionHelper:     com.android.wm.shell.pip.phone.PipController.lambda$init$3:351
05-08 01:00:03.155  5955  5955 D PipMotionHelper:     com.android.wm.shell.pip.phone.PipController.$r8$lambda$u15Oj_b57njSWegfZTV6TpliGaw:0
05-08 01:00:03.155  5955  5955 D PipMotionHelper:     com.android.wm.shell.pip.phone.PipController$$ExternalSyntheticLambda0.accept:8
05-08 01:00:03.155  5142  5736 I SurfaceFlinger: id=31581 createSurf (0x0),-1 flag=80004, a2367a8 Splash Screen com.example.mad_toodle#0
05-08 01:00:03.156  5113  5155 I HYPER-HAL: [RequestManager.cpp]acquire(): Acquired ID : 29502735  [7667 / 14]    HINT : APP_START    list :
05-08 01:00:03.156  5488  7741 D InputTransport: Input channel destroyed: 'a2367a8', fd=984
05-08 01:00:03.157  5955  6019 I ViewRootImpl@f3d66ce[mad_toodle]: setView = android.widget.FrameLayout@7831f85 TM=true
05-08 01:00:03.163  5488  7744 D InputDispatcher: Focused application set to (0): f4d378e
05-08 01:00:03.173 17561 17604 D OpenGLRenderer: RenderThread::requireGlContext()
05-08 01:00:03.175  5488  7748 V WindowManager: Relayout Window{a2367a8 u0 Splash Screen com.example.mad_toodle}: viewVisibility=0 req=1080x2340 d0
05-08 01:00:03.176  5142  5736 I SurfaceFlinger: id=31582 createSurf (1080x2340),-3 flag=40004, Splash Screen com.example.mad_toodle$_5955#0
05-08 01:00:03.179  5488  7748 V WindowManager: Relayout hash=a2367a8, pid=5955: mAttrs={(0,0)(fillxfill) sim={adjust=pan} ty=APPLICATION_STARTING fmt=TRANSLUCENT wanim=0x1030303
05-08 01:00:03.179  5488  7748 V WindowManager:   fl=81030118
05-08 01:00:03.179  5488  7748 V WindowManager:   pfl=36000010
05-08 01:00:03.179  5488  7748 V WindowManager:   bhv=DEFAULT
05-08 01:00:03.179  5488  7748 V WindowManager:   fitSides= naviIconColor=0}
05-08 01:00:03.179  5488  7744 V WindowManager: Relayout Window{22c85c2 u0 com.sec.android.app.launcher/com.sec.android.app.launcher.activities.LauncherActivity}: viewVisibility=0 req=1080x2340 d0
05-08 01:00:03.182  5955  6019 I ViewRootImpl@f3d66ce[mad_toodle]: Relayout returned: old=(0,0,1080,2340) new=(0,0,1080,2340) req=(1080,2340)0 dur=14 res=0x7 s={true 517201158144} ch=true fn=-1
05-08 01:00:03.182  5488  7744 V WindowManager: Relayout hash=22c85c2, pid=6447: mAttrs={(0,0)(fillxfill) sim={adjust=nothing} layoutInDisplayCutoutMode=shortEdges ty=BASE_APPLICATION fmt=TRANSPARENT wanim=0x10302f2
05-08 01:00:03.182  5488  7744 V WindowManager:   fl=81910100
05-08 01:00:03.182  5488  7744 V WindowManager:   pfl=1e020040
05-08 01:00:03.182  5488  7744 V WindowManager:   vsysui=1700
05-08 01:00:03.182  5488  7744 V WindowManager:   bhv=SHOW_TRANSIENT_BARS_BY_SWIPE
05-08 01:00:03.182  5488  7744 V WindowManager:   fitSides= naviIconColor=0}
05-08 01:00:03.183  6447  6447 I ViewRootImpl@3fae372[LauncherActivity]: Relayout returned: old=(0,0,1080,2340) new=(0,0,1080,2340) req=(1080,2340)0 dur=9 res=0x1 s={true 517512781824} ch=false fn=23
05-08 01:00:03.183  5955  6072 D OpenGLRenderer: eglCreateWindowSurface
05-08 01:00:03.185  5955  6019 I ViewRootImpl@f3d66ce[mad_toodle]: [DP] dp(1) 0 android.view.ViewRootImpl.reportNextDraw:11442 android.view.ViewRootImpl.performTraversals:4198 android.view.ViewRootImpl.doTraversal:2924
05-08 01:00:03.185  5955  6019 D ViewRootImpl@f3d66ce[mad_toodle]: Creating frameDrawingCallback nextDrawUseBlastSync=false reportNextDraw=true hasBlurUpdates=false
05-08 01:00:03.185  5955  6019 D ViewRootImpl@f3d66ce[mad_toodle]: Creating frameCompleteCallback
05-08 01:00:03.188  5955  6776 D ViewRootImpl@f3d66ce[mad_toodle]: Received frameDrawingCallback frameNum=1. Creating transactionCompleteCallback=false
05-08 01:00:03.188  5488  7744 D InputDispatcher: Focus left window (0): 22c85c2 com.sec.android.app.launcher/com.sec.android.app.launcher.activities.LauncherActivity
05-08 01:00:03.191  6447  6447 I ViewRootImpl@3fae372[LauncherActivity]: MSG_WINDOW_FOCUS_CHANGED 0 1
05-08 01:00:03.192  6447  6447 I BaseActivity: removeActivityFlags, flags : 8
05-08 01:00:03.197  5955  6072 D ViewRootImpl@f3d66ce[mad_toodle]: Received frameCompleteCallback  lastAcquiredFrameNum=1 lastAttemptedDrawFrameNum=1
05-08 01:00:03.199  5488  5872 D NetdEventListenerService: DNS Requested by : 156, 1000, 0
05-08 01:00:03.200  5955  6019 I ViewRootImpl@f3d66ce[mad_toodle]: [DP] pdf(0) 0 android.view.ViewRootImpl.lambda$addFrameCompleteCallbackIfNeeded$3$ViewRootImpl:5000 android.view.ViewRootImpl$$ExternalSyntheticLambda16.run:6 android.os.Handler.handleCallback:938
05-08 01:00:03.200  5955  6019 I ViewRootImpl@f3d66ce[mad_toodle]: [DP] rdf()
05-08 01:00:03.201 20417 20662 I Rubin   : [178] LoggingEventHelper.notifyUpdatedWithValue(:1) : Notify AppUsageLogger's database is updated.
05-08 01:00:03.200  5955  6019 D ViewRootImpl@f3d66ce[mad_toodle]: reportDrawFinished (fn: -1)
05-08 01:00:03.202  6447  6447 I BadgeRenderer: Invalid count : 0
05-08 01:00:03.206  5955  5955 D FullscreenTaskListener: Fullscreen Task Appeared: #9152, caller=com.android.wm.shell.ShellTaskOrganizer.onTaskAppeared:387 com.android.wm.shell.ShellTaskOrganizer.onTaskAppeared:376 android.window.TaskOrganizer$1.lambda$onTaskAppeared$4$TaskOrganizer$1:297
05-08 01:00:03.207  5142  5205 I SurfaceFlinger: id=31583 createSurf (0x0),-1 flag=24000, Surface(name=Task=1)/@0xd57eacf - animation-leash of app_transition#0
05-08 01:00:03.209 20417 20662 I Rubin   : [178] ExercisingWithCmhMonitor.isSatisfiedByCmh(:6) : isSatisfiedByCmh is false
05-08 01:00:03.210  5142  5205 I SurfaceFlinger: id=31584 createSurf (0x0),-1 flag=24004, Surface(name=Task=9152)/@0x62c35bb - animation-leash of app_transition#0
05-08 01:00:03.215  5142  5736 I SurfaceFlinger: id=31585 createSurf (0x0),-1 flag=24000, Surface(name=ba6b7dd StatusBar)/@0x5e7fe9b - animation-leash of insets_animation#1
05-08 01:00:03.216  5142  5736 I SurfaceFlinger: id=31586 createSurf (0x0),-1 flag=24000, Surface(name=ab5285f NavigationBar0)/@0xe452fcc - animation-leash of insets_animation#0
05-08 01:00:03.218  5142  5142 E SurfaceFlinger: Attempt to update InputPolicyFlags without permission ACCESS_SURFACE_FLINGER
05-08 01:00:03.221  5955  6019 D InsetsSourceConsumer: ensureControlAlpha: for ITYPE_NAVIGATION_BAR on Splash Screen com.example.mad_toodle
05-08 01:00:03.222  5488  6964 I MediaSessionMonitor: Media session stopped : controllerList empty
05-08 01:00:03.223  5955  6019 D InsetsSourceConsumer: ensureControlAlpha: for ITYPE_STATUS_BAR on Splash Screen com.example.mad_toodle
05-08 01:00:03.225  7790  7790 I Utils   : HomePackage : com.sec.android.app.launcher, resumePackageName : com.example.mad_toodle
05-08 01:00:03.227 17561 17604 D OpenGLRenderer: RenderThread::setGrContext()
05-08 01:00:03.235  5142  5142 I Layer   : id=31571 removeFromCurrentState Surface(name=ba6b7dd StatusBar)/@0x5e7fe9b - animation-leash of insets_animation#0 (139)
05-08 01:00:03.235  5142  5142 I Layer   : id=31572 removeFromCurrentState Surface(name=ab5285f NavigationBar0)/@0xe452fcc - animation-leash of insets_animation#1 (139)
05-08 01:00:03.235  5142  5142 I SurfaceFlinger: id=31571 Removed Surface(name=ba6b7dd StatusBar)/@0x5e7fe9b - animation-leash of insets_animation#0 (139)
05-08 01:00:03.235  5142  5142 I SurfaceFlinger: id=31572 Removed Surface(name=ab5285f NavigationBar0)/@0xe452fcc - animation-leash of insets_animation#1 (139)
05-08 01:00:03.235  5142  5142 I Layer   : id=31571 Destroyed Surface(name=ba6b7dd StatusBar)/@0x5e7fe9b - animation-leash of insets_animation#0
05-08 01:00:03.235  5142  5142 I Layer   : id=31572 Destroyed Surface(name=ab5285f NavigationBar0)/@0xe452fcc - animation-leash of insets_animation#1
05-08 01:00:03.237  6447 25033 I TouchInteractionService: onSystemUiStateChanged, stateFlags : 131072
05-08 01:00:03.237  6447  6447 I TouchInteractionService: onSystemUiFlagsChanged, userUnlocked
05-08 01:00:03.242  5142  5142 D SurfaceFlinger: Display 0 HWC layers:
05-08 01:00:03.242  5142  5142 D SurfaceFlinger:      DEVICE | 0x7b288b9040 | 0100 | RGBx_8888    |    0.0    0.0 1080.0 2340.0 |    0    0 1080 2340 | Wallpaper BBQ wrapper#0
05-08 01:00:03.242  5142  5142 D SurfaceFlinger:      DEVICE | 0x7b288b8640 | 0100 | RGBA_8888    |    0.0    0.0 1080.0 2340.0 |    0    0 1080 2340 | com.sec.android.app.launcher/com.sec[...].activities.LauncherActivity$_6447#0
05-08 01:00:03.242  5142  5142 D SurfaceFlinger:      DEVICE | 0x7b63b748c0 | 0100 | RGBA_8888    |    0.0    0.0 1080.0 2340.0 |   76  164 1004 2176 | Splash Screen com.example.mad_toodle$_5955#0
05-08 01:00:03.242  5142  5142 D SurfaceFlinger:      DEVICE | 0x7b63abf200 | 0100 | RGBA_8888    |    0.0    0.0 1080.0   78.0 |    0    0 1080   78 | StatusBar$_5955#0
05-08 01:00:03.242  5142  5142 D SurfaceFlinger:      DEVICE | 0x7b63abe1c0 | 0100 | RGBA_8888    |    0.0    0.0   67.0  331.0 |    0 1538   67 1869 | com.samsung.android.app.cocktailbars[...]arservice.CocktailBarService$_7790#0
05-08 01:00:03.242  5142  5142 D SurfaceFlinger:      DEVICE | 0x7b63abd540 | 0100 | RGBA_8888    |    0.0    0.0 1080.0  126.0 |    0 2214 1080 2340 | NavigationBar0$_5955#0
05-08 01:00:03.242  5142  5142 D SurfaceFlinger:      DEVICE | 0x7b63abdcc0 | 0140 | RGBA_8888    |    0.0    0.0 1080.0  151.0 |    0    0 1080  151 | ScreenDecorOve
05-08 01:00:03.242  5142  5142 D SurfaceFlinger: rlay$_5955#0
05-08 01:00:03.242  5142  5142 D SurfaceFlinger:      DEVICE | 0x7b61fc77c0 | 0140 | RGBA_8888    |    0.0    0.0 1080.0  151.0 |    0 2189 1080 2340 | ScreenDecorOverlayBottom$_5955#0
05-08 01:00:03.242  5142  5142 D SurfaceFlinger:
05-08 01:00:03.270  6447 25033 I RecentModel: onTaskStackChangedBackground
05-08 01:00:03.272  6447 25033 I RecentTasksList: getTaskKeys, numTasks :3 callback : com.android.quickstep.-$$Lambda$RecentsModel$k1Mm-BV64Bc89eJHYugywZmW_Js@3e96e3c
05-08 01:00:03.274  6447  6565 I RecentTasksList: loadTasksInBackground() task id : 9141
05-08 01:00:03.274  6447  6565 I RecentTasksList: loadTasksInBackground() task id : 9073
05-08 01:00:03.274  6447  6565 I RecentTasksList: loadTasksInBackground() task id : 9152
05-08 01:00:03.291 17561 17561 D AppCompatDelegate: Checking for metadata for AppLocalesMetadataHolderService : Service not found
05-08 01:00:03.300 17561 17561 D LifecycleMonitor: Lifecycle status change: com.example.mad_toodle.HomeActivity@4163c0e in: PRE_ON_CREATE
05-08 01:00:03.301 17561 17561 V ActivityScenario: Activity lifecycle changed event received but ignored because the reported transition was not ON_CREATE while the last known transition was PRE_ON_CREATE
05-08 01:00:03.354 17561 17561 I DecorView: [INFO] isPopOver=false, config=true
05-08 01:00:03.355 17561 17561 I DecorView: updateCaptionType >> DecorView@c61bee6[], isFloating=false, isApplication=true, hasWindowControllerCallback=true, hasWindowDecorCaption=false
05-08 01:00:03.355 17561 17561 D DecorView: setCaptionType = 0, this = DecorView@c61bee6[]
05-08 01:00:03.373 17561 17561 I DecorView: getCurrentDensityDpi: from real metrics. densityDpi=420 msg=resources_loaded
05-08 01:00:03.394 17561 17561 W mple.mad_toodl: Accessing hidden method Landroid/view/ViewGroup;->makeOptionalFitsSystemWindows()V (unsupported, reflection, allowed)
05-08 01:00:03.529  7790  7790 I Utils   : isCurrentUser current = 0, ownerId = 0
05-08 01:00:03.532  7790  7790 I TrayVisibilityController: getComputedTrayVisible : keyguardState = 1
05-08 01:00:03.532  7790  7790 I TrayVisibilityController: updateTrayVisible: State=1 visible=1 mCurrentVisible=1 specificMode=0
05-08 01:00:03.532  7790  7790 I TrayStateController: onNotifyUpdateTray: state=0
05-08 01:00:03.535 17561 17561 D LifecycleMonitor: Lifecycle status change: com.example.mad_toodle.HomeActivity@4163c0e in: CREATED
05-08 01:00:03.536 17561 17561 V ActivityScenario: Update currentActivityStage to CREATED, currentActivity=com.example.mad_toodle.HomeActivity@4163c0e
05-08 01:00:03.543 17561 17561 D LifecycleMonitor: Lifecycle status change: com.example.mad_toodle.HomeActivity@4163c0e in: STARTED
05-08 01:00:03.544 17561 17561 V ActivityScenario: Update currentActivityStage to STARTED, currentActivity=com.example.mad_toodle.HomeActivity@4163c0e
05-08 01:00:03.547 17561 17561 D LifecycleMonitor: Lifecycle status change: com.example.mad_toodle.HomeActivity@4163c0e in: RESUMED
05-08 01:00:03.548 17561 17561 V ActivityScenario: Update currentActivityStage to RESUMED, currentActivity=com.example.mad_toodle.HomeActivity@4163c0e
05-08 01:00:03.550 17561 17561 I MSHandlerLifeCycle: isMultiSplitHandlerRequested: ignored. pkg=com.example.mad_toodle parent=null callers=com.android.internal.policy.DecorView.setVisibility:4295 android.app.ActivityThread.handleResumeActivity:5383 android.app.servertransaction.ResumeActivityItem.execute:54 android.app.servertransaction.ActivityTransactionItem.execute:45 android.app.servertransaction.TransactionExecutor.executeLifecycleState:176
05-08 01:00:03.550 17561 17561 I MSHandlerLifeCycle: removeMultiSplitHandler: no exist. decor=DecorView@c61bee6[]
05-08 01:00:03.554  6447  6447 I ViewRootImpl@3fae372[LauncherActivity]: handleAppVisibility mAppVisible=true visible=false
05-08 01:00:03.554  5955 23475 D WallpaperService: dispatchAppVisibility onVisibilityChanged(): false
05-08 01:00:03.555  5955  5955 D WallpaperService: reportVisibility onVisibilityChanged visible: false
05-08 01:00:03.556  5955  6060 I ImageWallpaper:  onVisibilityChanged false , 0
05-08 01:00:03.569  5142  5142 I Layer   : id=31583 removeFromCurrentState Surface(name=Task=1)/@0xd57eacf - animation-leash of app_transition#0 (137)
05-08 01:00:03.569  5142  5142 I Layer   : id=31584 removeFromCurrentState Surface(name=Task=9152)/@0x62c35bb - animation-leash of app_transition#0 (137)
05-08 01:00:03.569  5142  5142 I SurfaceFlinger: id=31584 Removed Surface(name=Task=9152)/@0x62c35bb - animation-leash of app_transition#0 (137)
05-08 01:00:03.569  5142  5142 I SurfaceFlinger: id=31583 Removed Surface(name=Task=1)/@0xd57eacf - animation-leash of app_transition#0 (137)
05-08 01:00:03.569  5142  5142 I Layer   : id=31583 Destroyed Surface(name=Task=1)/@0xd57eacf - animation-leash of app_transition#0
05-08 01:00:03.569  5142  5142 I Layer   : id=31584 Destroyed Surface(name=Task=9152)/@0x62c35bb - animation-leash of app_transition#0
05-08 01:00:03.570 17561 17561 I DecorView: notifyKeepScreenOnChanged: keepScreenOn=false
05-08 01:00:03.570 17561 17561 I MSHandlerLifeCycle: isMultiSplitHandlerRequested: ignored. pkg=com.example.mad_toodle parent=null callers=com.android.internal.policy.DecorView.hasMultiSplitHandlerInNonFreeformMode:891 com.android.internal.policy.DecorView.notifyKeepScreenOnChanged:885 android.view.ViewRootImpl.applyKeepScreenOnFlag:2945 android.view.ViewRootImpl.collectViewAttributes:2969 android.view.ViewRootImpl.setView:1558
05-08 01:00:03.574  5488  7748 D InputTransport: Input channel constructed: 'c4bda08', fd=989
05-08 01:00:03.574  5488  7748 D InputTransport: Input channel constructed: 'c4bda08', fd=990
05-08 01:00:03.574  5488  7748 D InputTransport: Input channel constructed: 'c4bda08', fd=992
05-08 01:00:03.574  5142  5142 D SurfaceFlinger: Display 0 HWC layers:
05-08 01:00:03.574  5142  5142 D SurfaceFlinger:      DEVICE | 0x7b63b748c0 | 0100 | RGBA_8888    |    0.0    0.0 1080.0 2340.0 |    0    0 1080 2340 | Splash Screen com.example.mad_toodle$_5955#0
05-08 01:00:03.574  5142  5142 D SurfaceFlinger:      DEVICE | 0x7b63abf200 | 0100 | RGBA_8888    |    0.0    0.0 1080.0   78.0 |    0    0 1080   78 | StatusBar$_5955#0
05-08 01:00:03.574  5142  5142 D SurfaceFlinger:      DEVICE | 0x7b63abe1c0 | 0100 | RGBA_8888    |    0.0    0.0   67.0  331.0 |    0 1538   67 1869 | com.samsung.android.app.cocktailbars[...]arservice.CocktailBarService$_7790#0
05-08 01:00:03.574  5142  5142 D SurfaceFlinger:      DEVICE | 0x7b63abd540 | 0100 | RGBA_8888    |    0.0    0.0 1080.0  126.0 |    0 2214 1080 2340 | NavigationBar0$_5955#0
05-08 01:00:03.574  5142  5142 D SurfaceFlinger:      DEVICE | 0x7b63abdcc0 | 0140 | RGBA_8888    |    0.0    0.0 1080.0  151.0 |    0    0 1080  151 | ScreenDecorOverlay$_5955#0
05-08 01:00:03.574  5142  5142 D SurfaceFlinger:      DEVICE | 0x7b61fc77c0 | 0140 | RGBA_8888    |    0.0    0.0 1080.0  151.0 |    0 2189 1080 2340 | ScreenDecorOverlayBottom$_5955#0
05-08 01:00:03.574  5142  5142 D SurfaceFlinger:
05-08 01:00:03.576  5142  5205 I SurfaceFlinger: id=31587 createSurf (0x0),-1 flag=80004, c4bda08 com.example.mad_toodle/com.example.mad_toodle.HomeActivity#0
05-08 01:00:03.577  5488  7748 D InputTransport: Input channel destroyed: 'c4bda08', fd=992
05-08 01:00:03.579  5488  7721 V WindowManager: Relayout Window{22c85c2 u0 com.sec.android.app.launcher/com.sec.android.app.launcher.activities.LauncherActivity}: viewVisibility=8 req=1080x2340 d0
05-08 01:00:03.580 17561 17561 I ViewRootImpl@f94d5c4[HomeActivity]: setView = com.android.internal.policy.DecorView@c61bee6 TM=true
05-08 01:00:03.582  5488  7721 V WindowManager: Relayout hash=22c85c2, pid=6447: mAttrs={(0,0)(fillxfill) sim={adjust=nothing} layoutInDisplayCutoutMode=shortEdges ty=BASE_APPLICATION fmt=TRANSPARENT wanim=0x10302f2
05-08 01:00:03.582  5488  7721 V WindowManager:   fl=81910100
05-08 01:00:03.582  5488  7721 V WindowManager:   pfl=1e020040
05-08 01:00:03.582  5488  7721 V WindowManager:   vsysui=1700
05-08 01:00:03.582  5488  7721 V WindowManager:   bhv=SHOW_TRANSIENT_BARS_BY_SWIPE
05-08 01:00:03.582  5488  7721 V WindowManager:   fitSides= naviIconColor=0}
05-08 01:00:03.582 17561 17561 I MSHandlerLifeCycle: isMultiSplitHandlerRequested: windowingMode=1 isFullscreen=true isPopOver=false isHidden=false skipActivityType=false isHandlerType=true this: DecorView@c61bee6[HomeActivity]
05-08 01:00:03.583 17561 17561 I MSHandlerLifeCycle: removeMultiSplitHandler: no exist. decor=DecorView@c61bee6[HomeActivity]
05-08 01:00:03.584  6447  6447 I ViewRootImpl@3fae372[LauncherActivity]: Relayout returned: old=(0,0,1080,2340) new=(0,0,1080,2340) req=(1080,2340)8 dur=11 res=0x5 s={false 0} ch=true fn=24
05-08 01:00:03.606  5084 17626 E Netd    : To use pid in case SEC_PRODUCT_FEATURE_KNOX_SUPPORT_NPA is false, to remove build error (unused variable)
05-08 01:00:03.622  5488  7721 V WindowManager: Relayout Window{c4bda08 u0 com.example.mad_toodle/com.example.mad_toodle.HomeActivity}: viewVisibility=0 req=1080x2340 d0
05-08 01:00:03.622  5142  5205 I SurfaceFlinger: id=31588 createSurf (1080x2340),-3 flag=40004, com.example.mad_toodle/com.example.mad_toodle.HomeActivity$_17561#0
05-08 01:00:03.625  5488  5858 W SemWifiTransportLayerUtils: getApplicationCategory - IOException com.example.mad_toodle
05-08 01:00:03.625  5488  5858 W System.err: java.io.FileNotFoundException: https://play.google.com/store/apps/details?id=com.example.mad_toodle&hl=en
05-08 01:00:03.625  5488  5858 W System.err: 	at com.android.okhttp.internal.huc.HttpURLConnectionImpl.getInputStream(HttpURLConnectionImpl.java:255)
05-08 01:00:03.625  5488  5858 W System.err: 	at com.android.okhttp.internal.huc.DelegatingHttpsURLConnection.getInputStream(DelegatingHttpsURLConnection.java:211)
05-08 01:00:03.625  5488  5858 W System.err: 	at com.android.okhttp.internal.huc.HttpsURLConnectionImpl.getInputStream(HttpsURLConnectionImpl.java:30)
05-08 01:00:03.625  5488  5858 W System.err: 	at com.samsung.android.server.wifi.tcp.SemWifiTransportLayerUtils.getApplicationCategory(SemWifiTransportLayerUtils.java:104)
05-08 01:00:03.626  5488  5858 W System.err: 	at com.samsung.android.server.wifi.tcp.SemWifiTransportLayerMonitor$TcpMonitorHandler.handleMessage(SemWifiTransportLayerMonitor.java:244)
05-08 01:00:03.626  5488  5858 W System.err: 	at android.os.Handler.dispatchMessage(Handler.java:106)
05-08 01:00:03.626  5488  5858 W System.err: 	at android.os.Looper.loopOnce(Looper.java:226)
05-08 01:00:03.626  5488  5858 W System.err: 	at android.os.Looper.loop(Looper.java:313)
05-08 01:00:03.626  5488  5858 W System.err: 	at android.os.HandlerThread.run(HandlerThread.java:67)
05-08 01:00:03.626  5142  5205 I SurfaceFlinger: id=31589 createSurf (0x0),-1 flag=24000, Surface(name=ba6b7dd StatusBar)/@0x5e7fe9b - animation-leash of insets_animation#0
05-08 01:00:03.626  5488  5858 D SemWifiTransportLayerMonitor.TcpMonitorHandler: MSG_SAVE_PACKAGE_INFO
05-08 01:00:03.626  5488  5858 D SemWifiTransportLayerFileManager: saveWifiPackageInfoToFile
05-08 01:00:03.626  5488  5858 D SemWifiTransportLayerFileManager: writeWifiPackageInfoList
05-08 01:00:03.628  5142  5205 I SurfaceFlinger: id=31590 createSurf (0x0),-1 flag=24000, Surface(name=ab5285f NavigationBar0)/@0xe452fcc - animation-leash of insets_animation#1
05-08 01:00:03.630  5488  7721 V WindowManager: Relayout hash=c4bda08, pid=17561: mAttrs={(0,0)(fillxfill) sim={adjust=pan forwardNavigation} ty=BASE_APPLICATION wanim=0x1030303
05-08 01:00:03.630  5488  7721 V WindowManager:   fl=85810100
05-08 01:00:03.630  5488  7721 V WindowManager:   pfl=12020040
05-08 01:00:03.630  5488  7721 V WindowManager:   vsysui=500
05-08 01:00:03.630  5488  7721 V WindowManager:   bhv=DEFAULT
05-08 01:00:03.630  5488  7721 V WindowManager:   fitSides= naviIconColor=0}
05-08 01:00:03.632  5142  5205 W ServiceManager: Permission failure: android.permission.ACCESS_SURFACE_FLINGER from uid=12344 pid=17561
05-08 01:00:03.632  5142  5205 D PermissionCache: checking android.permission.ACCESS_SURFACE_FLINGER for uid=12344 => denied (354 us)
05-08 01:00:03.632  5142  5205 W ServiceManager: Permission failure: android.permission.ROTATE_SURFACE_FLINGER from uid=12344 pid=17561
05-08 01:00:03.632  5142  5205 D PermissionCache: checking android.permission.ROTATE_SURFACE_FLINGER for uid=12344 => denied (188 us)
05-08 01:00:03.634 17561 17561 I ViewRootImpl@f94d5c4[HomeActivity]: Relayout returned: old=(0,0,1080,2340) new=(0,0,1080,2340) req=(1080,2340)0 dur=10 res=0x7 s={true 519409586176} ch=true fn=-1
05-08 01:00:03.638  5103  6767 I display : getColorModes:: is not supported
05-08 01:00:03.638  5103  6767 I display : getColorModes:: is not supported
05-08 01:00:03.638  5142  5204 E HWComposer: getSupportedContentTypes: getSupportedContentTypes failed for display 0: Unsupported (8)
05-08 01:00:03.640 17561 17561 I ViewRootImpl@f94d5c4[HomeActivity]: [DP] dp(1) 1 android.view.ViewRootImpl.reportNextDraw:11442 android.view.ViewRootImpl.performTraversals:4198 android.view.ViewRootImpl.doTraversal:2924
05-08 01:00:03.640 17561 17604 D hw-ProcessState: Binder ioctl to enable oneway spam detection failed: Invalid argument
05-08 01:00:03.640 17561 17561 D ViewRootImpl@f94d5c4[HomeActivity]: Creating frameDrawingCallback nextDrawUseBlastSync=false reportNextDraw=true hasBlurUpdates=false
05-08 01:00:03.640 17561 17561 D ViewRootImpl@f94d5c4[HomeActivity]: Creating frameCompleteCallback
05-08 01:00:03.640 17561 17604 D OpenGLRenderer: eglCreateWindowSurface
05-08 01:00:03.643  4240  4240 I hwservicemanager: getTransport: Cannot find entry android.hardware.graphics.mapper@4.0::IMapper/default in either framework or device VINTF manifest.
05-08 01:00:03.643 17561 17627 I Gralloc4: mapper 4.x is not supported
05-08 01:00:03.643  4240  4240 I hwservicemanager: getTransport: Cannot find entry android.hardware.graphics.mapper@3.0::IMapper/default in either framework or device VINTF manifest.
05-08 01:00:03.644 17561 17627 W Gralloc3: mapper 3.x is not supported
05-08 01:00:03.647 17561 17627 I gralloc : Arm Module v1.0
05-08 01:00:03.649  4240  4240 I hwservicemanager: getTransport: Cannot find entry android.hardware.graphics.allocator@4.0::IAllocator/default in either framework or device VINTF manifest.
05-08 01:00:03.649 17561 17627 W Gralloc4: allocator 4.x is not supported
05-08 01:00:03.650  4240  4240 I hwservicemanager: getTransport: Cannot find entry android.hardware.graphics.allocator@3.0::IAllocator/default in either framework or device VINTF manifest.
05-08 01:00:03.650 17561 17627 W Gralloc3: allocator 3.x is not supported
05-08 01:00:03.652  5142  5142 I Layer   : id=31585 removeFromCurrentState Surface(name=ba6b7dd StatusBar)/@0x5e7fe9b - animation-leash of insets_animation#1 (139)
05-08 01:00:03.652  5142  5142 I Layer   : id=31586 removeFromCurrentState Surface(name=ab5285f NavigationBar0)/@0xe452fcc - animation-leash of insets_animation#0 (139)
05-08 01:00:03.652  5142  5142 I SurfaceFlinger: id=31585 Removed Surface(name=ba6b7dd StatusBar)/@0x5e7fe9b - animation-leash of insets_animation#1 (139)
05-08 01:00:03.653  5142  5142 I SurfaceFlinger: id=31586 Removed Surface(name=ab5285f NavigationBar0)/@0xe452fcc - animation-leash of insets_animation#0 (139)
05-08 01:00:03.653  5142  5142 I Layer   : id=31585 Destroyed Surface(name=ba6b7dd StatusBar)/@0x5e7fe9b - animation-leash of insets_animation#1
05-08 01:00:03.653  5142  5142 I Layer   : id=31586 Destroyed Surface(name=ab5285f NavigationBar0)/@0xe452fcc - animation-leash of insets_animation#0
05-08 01:00:03.655  5488  7721 D InputDispatcher: Focus request (0): c4bda08 com.example.mad_toodle/com.example.mad_toodle.HomeActivity but waiting because NOT_VISIBLE
05-08 01:00:03.655 20699 20699 I cltv    : onPause
05-08 01:00:03.659 17561 17629 D ViewRootImpl@f94d5c4[HomeActivity]: Received frameDrawingCallback frameNum=1. Creating transactionCompleteCallback=false
05-08 01:00:03.686  5488  5872 D NetdEventListenerService: DNS Requested by : 156, 12344, 0
05-08 01:00:03.709 17561 17604 D ViewRootImpl@f94d5c4[HomeActivity]: Received frameCompleteCallback  lastAcquiredFrameNum=1 lastAttemptedDrawFrameNum=1
05-08 01:00:03.713 17561 17561 I ViewRootImpl@f94d5c4[HomeActivity]: [DP] pdf(0) 1 android.view.ViewRootImpl.lambda$addFrameCompleteCallbackIfNeeded$3$ViewRootImpl:5000 android.view.ViewRootImpl$$ExternalSyntheticLambda16.run:6 android.os.Handler.handleCallback:938
05-08 01:00:03.713 17561 17561 I ViewRootImpl@f94d5c4[HomeActivity]: [DP] rdf()
05-08 01:00:03.713 17561 17561 D ViewRootImpl@f94d5c4[HomeActivity]: reportDrawFinished (fn: -1)
05-08 01:00:03.716 17561 17561 D InsetsSourceConsumer: ensureControlAlpha: for ITYPE_NAVIGATION_BAR on com.example.mad_toodle/com.example.mad_toodle.HomeActivity
05-08 01:00:03.717  5488  5543 I SemDvfsHyPerManager: acquire hyper - AMS_RESUME_TAIL/5488@14, type = -999
05-08 01:00:03.717  5488  5543 I SemDvfsHyPerManager: acquire hyper - AMS_ACT_LAZY/5488@15, type = -999
05-08 01:00:03.718 17561 17561 D InsetsSourceConsumer: ensureControlAlpha: for ITYPE_STATUS_BAR on com.example.mad_toodle/com.example.mad_toodle.HomeActivity
05-08 01:00:03.718  5113  5155 I HYPER-HAL: [RequestManager.cpp]acquire(): Acquired ID : 15138767  [5488 / 14]    HINT : AMS_RESUME_TAIL    list :
05-08 01:00:03.719  5142  5142 E SurfaceFlinger: Attempt to update InputPolicyFlags without permission ACCESS_SURFACE_FLINGER
05-08 01:00:03.719  5113  5155 I HYPER-HAL: [RequestManager.cpp]releaseLocked(): Released ID : 15171806
05-08 01:00:03.720  5142  5205 I SurfaceFlinger: id=31591 createSurf (0x0),-1 flag=24000, Surface(name=c4bda08 com.example.mad_toodle/com.example.mad_toodle.HomeActivity)/@0x4cb37d9 - animation-leash of starting_reveal#0
05-08 01:00:03.721  5488  7748 D InputDispatcher: Focus entered window (0): c4bda08 com.example.mad_toodle/com.example.mad_toodle.HomeActivity
05-08 01:00:03.721  5488  5539 W ziparchive: Unable to open '/data/app/~~Xcv_B7NIhl43f4pDatsvhA==/com.example.mad_toodle-oaZ2ZsUsauQG74BO1SSB6g==/base.dm': No such file or directory
05-08 01:00:03.722 17561 17561 I ViewRootImpl@f94d5c4[HomeActivity]: MSG_WINDOW_FOCUS_CHANGED 1 1
05-08 01:00:03.725  5488  5539 I PkgPredictorService-SecIpmManagerServiceImpl: reportToNAP uid:12344 com.example.mad_toodle/com.example.mad_toodle.HomeActivity thisTime:606
05-08 01:00:03.726  5488  6487 D PkgPredictorService-IpmAdcpController: com.example.mad_toodle become forground, dex profile begin
05-08 01:00:03.727 17561 17561 D InputMethodManager: startInputInner - Id : 0
05-08 01:00:03.727  5142  5142 D SurfaceFlinger: Display 0 HWC layers:
05-08 01:00:03.727  5142  5142 D SurfaceFlinger:      DEVICE | 0x7b288b97c0 | 0102 | RGBA_8888    |    0.0    0.0 1080.0 2340.0 |    0    0 1080 2340 | com.example.mad_toodle/com.example.mad_toodle.HomeActivity$_17561#0
05-08 01:00:03.727  5142  5142 D SurfaceFlinger:      DEVICE | 0x7b63b748c0 | 0100 | RGBA_8888    |    0.0    0.0 1080.0 2340.0 |    0    0 1080 2340 | Splash Screen com.example.mad_toodle$_5955#0
05-08 01:00:03.727  5142  5142 D SurfaceFlinger:      DEVICE | 0x7b63abf200 | 0100 | RGBA_8888    |    0.0    0.0 1080.0   78.0 |    0    0 1080   78 | StatusBar$_5955#0
05-08 01:00:03.727  5142  5142 D SurfaceFlinger:      DEVICE | 0x7b63abe1c0 | 0100 | RGBA_8888    |    0.0    0.0   67.0  331.0 |    0 1538   67 1869 | com.samsung.android.app.cocktailbars[...]arservice.CocktailBarService$_7790#0
05-08 01:00:03.727  5142  5142 D SurfaceFlinger:      DEVICE | 0x7b63abdb80 | 0100 | RGBA_8888    |    0.0    0.0 1080.0  126.0 |    0 2214 1080 2340 | NavigationBar0$_5955#0
05-08 01:00:03.727  5142  5142 D SurfaceFlinger:      DEVICE | 0x7b63abdcc0 | 0140 | RGBA_8888    |    0.0    0.0 1080.0  151.0 |    0    0 1080  151 | ScreenDecorOverlay$_5955#0
05-08 01:00:03.727  5142  5142 D SurfaceFlinger:      DEVICE | 0x7b61fc77c0 | 0140 | RGBA_8888    |    0.0    0.0 1080.0  151.0 |    0 2189 1080 2340 | ScreenDecorOverlayBot
05-08 01:00:03.727  5142  5142 D SurfaceFlinger: tom$_5955#0
05-08 01:00:03.727  5142  5142 D SurfaceFlinger:
05-08 01:00:03.727 17561 17561 I InputMethodManager: startInputInner - mService.startInputOrWindowGainedFocus
05-08 01:00:03.728  6447  6447 I ViewRootImpl@3fae372[LauncherActivity]: stopped(true) old=false
05-08 01:00:03.730  6447  6447 I BaseActivity: removeActivityFlags, flags : 17
05-08 01:00:03.730  5142  5205 I SurfaceFlinger: id=31573 Removed OneUiHome-BlurLayer#0 (138)
05-08 01:00:03.730  6447  6447 I StateManager: goToState isInState Normal
05-08 01:00:03.730  6447  6447 W LauncherAppWidgetHost: setShouldListenFlag, mFlags:7 flag:start on:false isFront:false
05-08 01:00:03.731  6447  6565 I IMM_LC  : hsifw() - flags=0, caller=android.view.inputmethod.InputMethodManager.hideSoftInputFromWindow:1858 android.view.inputmethod.InputMethodManager.hideSoftInputFromWindow:1827 com.android.launcher3.util.UiThreadHelper$UiCallbacks.handleMessage:103 android.os.Handler.dispatchMessage:102 android.os.Looper.loopOnce:226
05-08 01:00:03.731  6447  6565 I IMM_LC  : hideSoftInputFromWindow - mService.hideSoftInput
05-08 01:00:03.731  5488  7721 D InputMethodManagerService: mDesktopModeManager null!
05-08 01:00:03.731  5488  7748 I AppWidgetServiceImpl: stopListening callbacks : null
05-08 01:00:03.731  5488  7721 V InputMethodManagerService: getDisplayIdOfInputMethodWindowToBeAdded : 0
05-08 01:00:03.732  6447  6447 W LauncherAppWidgetHost: stopListening, mFlags:2 isFront:false
05-08 01:00:03.732  6447  6447 W Launcher.NotificationListener: removeNotificationsChangedListener
05-08 01:00:03.732  6447  6447 I BadgeCountUpdaterImpl: onNotificationsChangedDisConnected
05-08 01:00:03.732  6447  6447 I Launcher.NotificationListener: unregisterObserver, this is not notificationService!!
05-08 01:00:03.732  5488  7721 D InputTransport: Input channel constructed: 'ClientS', fd=993
05-08 01:00:03.732  5488  7721 D InputTransport: Input channel constructed: 'ClientS', fd=995
05-08 01:00:03.733  5488  7721 D InputTransport: Input channel destroyed: 'ClientS', fd=995
05-08 01:00:03.733  6447  6565 I LiveIconUpdateEventHandler: LiveIcon onStop
05-08 01:00:03.734  6447  6447 I MSHandlerLifeCycle: isMultiSplitHandlerRequested: windowingMode=1 isFullscreen=true isPopOver=false isHidden=false skipActivityType=true isHandlerType=true this: DecorView@bb63ad6[LauncherActivity]
05-08 01:00:03.734  6447  6565 I LiveIconUpdateEventHandler: cancelMinuteChangeAlarm
05-08 01:00:03.734  6447  6447 I MSHandlerLifeCycle: isMultiSplitHandlerRequested: ignored. pkg=com.sec.android.app.launcher callers=com.android.internal.policy.DecorView.setVisibility:4295 android.app.ActivityThread.updateVisibility:5820 android.app.ActivityThread.handleStopActivity:5838 android.app.servertransaction.StopActivityItem.execute:43 android.app.servertransaction.ActivityTransactionItem.execute:45
05-08 01:00:03.734  6447  6447 I MSHandlerLifeCycle: removeMultiSplitHandler: no exist. decor=DecorView@bb63ad6[LauncherActivity]
05-08 01:00:03.735  5488  7741 W InputMethodManagerService: onSessionCreated
05-08 01:00:03.738  5955  6775 I ViewRootImpl@f3d66ce[mad_toodle]: mWNT: t = android.view.SurfaceControl$Transaction@5d01ce8 fN = 2 android.view.SyncRtSurfaceTransactionApplier.applyTransaction:94 android.view.SyncRtSurfaceTransactionApplier.lambda$scheduleApply$0$SyncRtSurfaceTransactionApplier:71 android.view.SyncRtSurfaceTransactionApplier$$ExternalSyntheticLambda0.onFrameDraw:4
05-08 01:00:03.738  5955  6775 I ViewRootImpl@f3d66ce[mad_toodle]: mWNT: merge t to BBQ
05-08 01:00:03.738  5955  6775 I ViewRootImpl@f3d66ce[mad_toodle]: mWNT: t = android.view.SurfaceControl$Transaction@5db2f01 fN = 2 android.view.SyncRtSurfaceTransactionApplier.applyTransaction:94 android.view.SyncRtSurfaceTransactionApplier.lambda$scheduleApply$0$SyncRtSurfaceTransactionApplier:71 android.view.SyncRtSurfaceTransactionApplier$$ExternalSyntheticLambda0.onFrameDraw:4
05-08 01:00:03.738  5955  6775 I ViewRootImpl@f3d66ce[mad_toodle]: mWNT: merge t to BBQ
05-08 01:00:03.739  5488  5539 I ActivityTaskManager: Displayed com.example.mad_toodle/.HomeActivity: +606ms
05-08 01:00:03.741  6557  6557 E pageboostd: Received HALT command code 2
05-08 01:00:03.745  5488  7741 D InputMethodManagerService: checkDisplayOfStartInputAndUpdateKeyboard display Id 0last 0
05-08 01:00:03.745  5488  7741 D InputTransport: Input channel constructed: 'ClientS', fd=986
05-08 01:00:03.745  5488  7741 D InputTransport: Input channel destroyed: 'ClientS', fd=986
05-08 01:00:03.746  6447  6565 I LiveIconUpdateEventHandler: cancelDateChangeAlarm
05-08 01:00:03.747 17561 17561 D InputMethodManager: startInputInner - Id : 0
05-08 01:00:03.747  8552  8552 I HBD     : HoneyBoardService onFinishInput
05-08 01:00:03.748  8552  8552 I HBD     : a IC have been unbinding,  InputConnectionWrapper{idHash=#144d8fe mMissingMethods=}
05-08 01:00:03.748  8552  8552 I HBD     : HoneyBoardService [PF_CL][onFinishInput]  750692 ns
05-08 01:00:03.748  8552  8552 I HBD     : HoneyBoardService [IMI] onStartInput - caller pid : 17561 , caller uid : 12344
05-08 01:00:03.748  8552  8552 I HBD     : j updateConfigs
05-08 01:00:03.748  5142  5735 I SurfaceFlinger: id=31592 createSurf (0x0),-1 flag=24004, Surface(name=75ec799 InputMethod)/@0xe9ffe3f - animation-leash of insets_animation#0
05-08 01:00:03.748  8552  8552 I HBD     : j isEnabledNightMode : true
05-08 01:00:03.749  8552  8552 I HBD     : a IC have been binding, InputConnectionWrapper{idHash=#5de2ac mMissingMethods=}
05-08 01:00:03.749  8552  8552 I HBD     : h [EditorInputType]setPrivateImeOptionsToTable privateImeOptions ( null )
05-08 01:00:03.750  8552  8552 I HBD     : b incognitoMode : false
05-08 01:00:03.750  8552  8552 I HBD     : a needOff = true , isForceOff = false, isNullInputClass : true
05-08 01:00:03.750  8552  8552 I HBD     : h getDefaultInputRange : UNKNOWN
05-08 01:00:03.750  8552  8552 I HBD     : h getDefaultInputRange : UNKNOWN
05-08 01:00:03.750  8552  8552 I HBD     : h getDefaultInputRange : UNKNOWN
05-08 01:00:03.751  5231  9611 I CameraService: onUidStateChanged: uid=10202, procState is changed. (3 -> 5)
05-08 01:00:03.751  5231  9611 I CameraService: onUidStateChanged: uid=10193, procState is changed. (3 -> 5)
05-08 01:00:03.751  5231  9611 I CameraService: onUidStateChanged: uid=10116, procState is changed. (3 -> 5)
05-08 01:00:03.752  5142  5142 I Layer   : id=31570 removeFromCurrentState com.sec.android.app.launcher/com.sec.android.app.launcher.activities.LauncherActivity$_6447#0 (139)
05-08 01:00:03.752  5142  5142 I Layer   : id=31573 removeFromCurrentState OneUiHome-BlurLayer#0 (139)
05-08 01:00:03.753  5142  5142 E SurfaceFlinger: Attempt to update InputPolicyFlags without permission ACCESS_SURFACE_FLINGER
05-08 01:00:03.756  5955  6776 I ViewRootImpl@f3d66ce[mad_toodle]: mWNT: t = android.view.SurfaceControl$Transaction@26b81a6 fN = 3 android.view.SyncRtSurfaceTransactionApplier.applyTransaction:94 android.view.SyncRtSurfaceTransactionApplier.lambda$scheduleApply$0$SyncRtSurfaceTransactionApplier:71 android.view.SyncRtSurfaceTransactionApplier$$ExternalSyntheticLambda0.onFrameDraw:4
05-08 01:00:03.756  5955  6776 I ViewRootImpl@f3d66ce[mad_toodle]: mWNT: merge t to BBQ
05-08 01:00:03.762  8552  8552 I HBD     : a needOff = true , isForceOff = false, isNullInputClass : true
05-08 01:00:03.762  8552  8552 I HBD     : a update cached prediction status : false
05-08 01:00:03.763  8552  8552 I HBD     : h getDefaultInputRange : UNKNOWN
05-08 01:00:03.763  8552  8552 I HBD     : a currentState : 0
05-08 01:00:03.767  8552  8552 I HBD     : h load selected json path : /data/user/0/com.samsung.android.honeyboard/files/selected.json
05-08 01:00:03.767  8552  8552 I HBD     : h load selected json info : {"version":"1.0","currentLanguageOrder":0,"selected":[{"activeOptionList":["auto_replace","auto_spacing","writing_assistant"],"engName":"English","id":65537,"inputType":"qwerty","isUsed":true},{"activeOptionList":["auto_spacing"],"engName":"Korean","id":4521984,"inputType":"qwerty","isUsed":true},{"activeOptionList":["auto_replace","auto_spacing"],"engName":"Hindi","id":5570560,"inputType":"qwerty","isUsed":true}]}
05-08 01:00:03.768  8552  8552 I HBD     : a [UpdatePolicy] [post] a: 0 cl: 65537 kit: [0/0] vt: 0 ir: 1
05-08 01:00:03.769  5142  5142 I Layer   : id=31577 removeFromCurrentState Surface(name=75ec799 InputMethod)/@0xe9ffe3f - animation-leash of insets_animation#1 (139)
05-08 01:00:03.769  5142  5142 I SurfaceFlinger: id=31577 Removed Surface(name=75ec799 InputMethod)/@0xe9ffe3f - animation-leash of insets_animation#1 (139)
05-08 01:00:03.770  5142  5142 I Layer   : id=31577 Destroyed Surface(name=75ec799 InputMethod)/@0xe9ffe3f - animation-leash of insets_animation#1
05-08 01:00:03.771  8552  8552 I HBD     : HoneyBoardService [PF_OP][onStartInput]  22650577 ns
05-08 01:00:03.774  5955  6775 I ViewRootImpl@f3d66ce[mad_toodle]: mWNT: t = android.view.SurfaceControl$Transaction@5aaf7e7 fN = 4 android.view.SyncRtSurfaceTransactionApplier.applyTransaction:94 android.view.SyncRtSurfaceTransactionApplier.lambda$scheduleApply$0$SyncRtSurfaceTransactionApplier:71 android.view.SyncRtSurfaceTransactionApplier$$ExternalSyntheticLambda0.onFrameDraw:4
05-08 01:00:03.774  5488  7748 D InputMethodManagerServicePhysicalKey: isConnectedDexOnPC false
05-08 01:00:03.774  5142  5736 I SurfaceFlinger: id=31570 Removed com.sec.android.app.launcher/com.sec.android.app.launcher.activities.LauncherActivity$_6447#0 (138)
05-08 01:00:03.775  5488  7748 D InputMethodManagerService: isImeSwitcherDisabledPackage : false
05-08 01:00:03.775  5955  6775 I ViewRootImpl@f3d66ce[mad_toodle]: mWNT: merge t to BBQ
05-08 01:00:03.775  6447  6565 I LiveIconUpdateEventHandler: unregisterReceiver
05-08 01:00:03.777  8552  8552 I MSHandlerLifeCycle: isMultiSplitHandlerRequested: ignored. pkg=com.samsung.android.honeyboard isActivity=false callers=com.android.internal.policy.DecorView.setVisibility:4295 android.app.Dialog.hide:741 android.inputmethodservice.InputMethodService.removeImeSurface:1143 android.inputmethodservice.InputMethodService.scheduleImeSurfaceRemoval:1136 android.inputmethodservice.InputMethodService.access$1400:354
05-08 01:00:03.778  8552  8552 I MSHandlerLifeCycle: removeMultiSplitHandler: no exist. decor=DecorView@e7a1bea[InputMethod]
05-08 01:00:03.786  5142  5142 I Layer   : id=31570 Destroyed com.sec.android.app.launcher/com.sec.android.app.launcher.activities.LauncherActivity$_6447#0
05-08 01:00:03.786  5142  5142 I Layer   : id=31573 Destroyed OneUiHome-BlurLayer#0
05-08 01:00:03.788  5955  6072 D OpenGLRenderer: setSurface called with nullptr
05-08 01:00:03.788  5955  6072 D OpenGLRenderer: setSurface() destroyed EGLSurface
05-08 01:00:03.788  5955  6072 D OpenGLRenderer: destroyEglSurface
05-08 01:00:03.791  5488  7748 V WindowManager: Relayout Window{a2367a8 u0 Splash Screen com.example.mad_toodle}: viewVisibility=8 req=1080x2340 d0
05-08 01:00:03.791 17561 17584 W FileTestStorage: Output properties is not supported.
05-08 01:00:03.793  5142  5204 I SurfaceFlinger: id=31593 createSurf (0x0),-1 flag=24000, Surface(name=a2367a8 Splash Screen com.example.mad_toodle)/@0x84c224e - animation-leash of window_animation#0
05-08 01:00:03.796 17561 17584 E AndroidXTracer: enableTracing failed. You may need to upgrade your androidx.tracing:tracing version
05-08 01:00:03.796 17561 17584 E AndroidXTracer: java.lang.NoSuchMethodError: No static method forceEnableAppTracing()V in class Landroidx/tracing/Trace; or its super classes (declaration of 'androidx.tracing.Trace' appears in /data/app/~~Xcv_B7NIhl43f4pDatsvhA==/com.example.mad_toodle-oaZ2ZsUsauQG74BO1SSB6g==/base.apk)
05-08 01:00:03.796 17561 17584 E AndroidXTracer: 	at androidx.test.platform.tracing.AndroidXTracer.enableTracing(AndroidXTracer.java:57)
05-08 01:00:03.796 17561 17584 E AndroidXTracer: 	at androidx.test.platform.tracing.Tracing.<init>(Tracing.java:53)
05-08 01:00:03.796 17561 17584 E AndroidXTracer: 	at androidx.test.platform.tracing.Tracing.<clinit>(Tracing.java:49)
05-08 01:00:03.796 17561 17584 E AndroidXTracer: 	at androidx.test.espresso.base.BaseLayerModule.providesTracing(BaseLayerModule.java:190)
05-08 01:00:03.796 17561 17584 E AndroidXTracer: 	at androidx.test.espresso.base.BaseLayerModule_ProvidesTracingFactory.providesTracing(BaseLayerModule_ProvidesTracingFactory.java:37)
05-08 01:00:03.796 17561 17584 E AndroidXTracer: 	at androidx.test.espresso.base.BaseLayerModule_ProvidesTracingFactory.get(BaseLayerModule_ProvidesTracingFactory.java:29)
05-08 01:00:03.796 17561 17584 E AndroidXTracer: 	at androidx.test.espresso.base.BaseLayerModule_ProvidesTracingFactory.get(BaseLayerModule_ProvidesTracingFactory.java:11)
05-08 01:00:03.796 17561 17584 E AndroidXTracer: 	at androidx.test.espresso.core.internal.deps.dagger.internal.DoubleCheck.get(DoubleCheck.java:47)
05-08 01:00:03.796 17561 17584 E AndroidXTracer: 	at androidx.test.espresso.base.IdlingResourceRegistry_Factory.get(IdlingResourceRegistry_Factory.java:34)
05-08 01:00:03.796 17561 17584 E AndroidXTracer: 	at androidx.test.espresso.base.IdlingResourceRegistry_Factory.get(IdlingResourceRegistry_Factory.java:12)
05-08 01:00:03.796 17561 17584 E AndroidXTracer: 	at androidx.test.espresso.core.internal.deps.dagger.internal.DoubleCheck.get(DoubleCheck.java:47)
05-08 01:00:03.796 17561 17584 E AndroidXTracer: 	at androidx.test.espresso.DaggerBaseLayerComponent$BaseLayerComponentImpl.idlingResourceRegistry(DaggerBaseLayerComponent.java:275)
05-08 01:00:03.796 17561 17584 E AndroidXTracer: 	at androidx.test.espresso.Espresso.<clinit>(Espresso.java:64)
05-08 01:00:03.796 17561 17584 E AndroidXTracer: 	at com.example.mad_toodle.LogoutTest.testLogoutFlow(LogoutTest.java:61)
05-08 01:00:03.796 17561 17584 E AndroidXTracer: 	at java.lang.reflect.Method.invoke(Native Method)
05-08 01:00:03.796 17561 17584 E AndroidXTracer: 	at org.junit.runners.model.FrameworkMethod$1.runReflectiveCall(FrameworkMethod.java:59)
05-08 01:00:03.796 17561 17584 E AndroidXTracer: 	at org.junit.internal.runners.model.ReflectiveCallable.run(ReflectiveCallable.java:12)
05-08 01:00:03.796 17561 17584 E AndroidXTracer: 	at org.junit.runners.model.FrameworkMethod.invokeExplosively(FrameworkMethod.java:56)
05-08 01:00:03.796 17561 17584 E AndroidXTracer: 	at org.junit.internal.runners.statements.InvokeMethod.evaluate(InvokeMethod.java:17)
05-08 01:00:03.796 17561 17584 E AndroidXTracer: 	at androidx.test.internal.runner.junit4.statement.RunBefores.evaluate(RunBefores.java:80)
05-08 01:00:03.796 17561 17584 E AndroidXTracer: 	at androidx.test.internal.runner.junit4.statement.RunAfters.evaluate(RunAfters.java:61)
05-08 01:00:03.796 17561 17584 E AndroidXTracer: 	at org.junit.runners.ParentRunner$3.evaluate(ParentRunner.java:306)
05-08 01:00:03.796 17561 17584 E AndroidXTracer: 	at org.junit.runners.BlockJUnit4ClassRunner$1.evaluate(BlockJUnit4ClassRunner.java:100)
05-08 01:00:03.796 17561 17584 E AndroidXTracer: 	at org.junit.runners.ParentRunner.runLeaf(ParentRunner.java:366)
05-08 01:00:03.796 17561 17584 E AndroidXTracer: 	at org.junit.runners.BlockJUnit4ClassRunner.runChild(BlockJUnit4ClassRunner.java:103)
05-08 01:00:03.796 17561 17584 E AndroidXTracer: 	at org.junit.runners.BlockJUnit4ClassRunner.runChild(BlockJUnit4ClassRunner.java:63)
05-08 01:00:03.796 17561 17584 E AndroidXTracer: 	at org.junit.runners.ParentRunner$4.run(ParentRunner.java:331)
05-08 01:00:03.796 17561 17584 E AndroidXTracer: 	at org.junit.runners.ParentRunner$1.schedule(ParentRunner.java:79)
05-08 01:00:03.796 17561 17584 E AndroidXTracer: 	at org.junit.runners.ParentRunner.runChildren(ParentRunner.java:329)
