05-08 01:00:03.796 17561 17584 E AndroidXTracer: 	at org.junit.runners.ParentRunner.access$100(ParentRunner.java:66)
05-08 01:00:03.796 17561 17584 E AndroidXTracer: 	at org.junit.runners.ParentRunner$2.evaluate(ParentRunner.java:293)
05-08 01:00:03.796 17561 17584 E AndroidXTracer: 	at org.junit.runners.ParentRunner$3.evaluate(ParentRunner.java:306)
05-08 01:00:03.796 17561 17584 E AndroidXTracer: 	at org.junit.runners.ParentRunner.run(ParentRunner.java:413)
05-08 01:00:03.796 17561 17584 E AndroidXTracer: 	at androidx.test.ext.junit.runners.AndroidJUnit4.run(AndroidJUnit4.java:162)
05-08 01:00:03.796 17561 17584 E AndroidXTracer: 	at org.junit.runners.Suite.runChild(Suite.java:128)
05-08 01:00:03.796 17561 17584 E AndroidXTracer: 	at org.junit.runners.Suite.runChild(Suite.java:27)
05-08 01:00:03.796 17561 17584 E AndroidXTracer: 	at org.junit.runners.ParentRunner$4.run(ParentRunner.java:331)
05-08 01:00:03.796 17561 17584 E AndroidXTracer: 	at org.junit.runners.ParentRunner$1.schedule(ParentRunner.java:79)
05-08 01:00:03.796 17561 17584 E AndroidXTracer: 	at org.junit.runners.ParentRunner.runChildren(ParentRunner.java:329)
05-08 01:00:03.796 17561 17584 E AndroidXTracer: 	at org.junit.runners.ParentRunner.access$100(ParentRunner.java:66)
05-08 01:00:03.796 17561 17584 E AndroidXTracer: 	at org.junit.runners.ParentRunner$2.evaluate(ParentRunner.java:293)
05-08 01:00:03.796 17561 17584 E AndroidXTracer: 	at org.junit.runners.ParentRunner$3.evaluate(ParentRunner.java:306)
05-08 01:00:03.796 17561 17584 E AndroidXTracer: 	at org.junit.runners.ParentRunner.run(ParentRunner.java:413)
05-08 01:00:03.796 17561 17584 E AndroidXTracer: 	at org.junit.runner.JUnitCore.run(JUnitCore.java:137)
05-08 01:00:03.796 17561 17584 E AndroidXTracer: 	at org.junit.runner.JUnitCore.run(JUnitCore.java:115)
05-08 01:00:03.797 17561 17584 E AndroidXTracer: 	at androidx.test.internal.runner.TestExecutor.execute(TestExecutor.java:68)
05-08 01:00:03.797 17561 17584 E AndroidXTracer: 	at androidx.test.internal.runner.TestExecutor.execute(TestExecutor.java:59)
05-08 01:00:03.797 17561 17584 E AndroidXTracer: 	at androidx.test.runner.AndroidJUnitRunner.onStart(AndroidJUnitRunner.java:463)
05-08 01:00:03.797 17561 17584 E AndroidXTracer: 	at android.app.Instrumentation$InstrumentationThread.run(Instrumentation.java:2261)
05-08 01:00:03.797 17561 17584 I Tracing : Tracer added: class androidx.test.platform.tracing.AndroidXTracer
05-08 01:00:03.797  5488  7748 V WindowManager: Relayout hash=a2367a8, pid=5955: mAttrs={(0,0)(fillxfill) sim={adjust=pan} ty=APPLICATION_STARTING fmt=TRANSLUCENT wanim=0x1030303
05-08 01:00:03.797  5488  7748 V WindowManager:   fl=81030118
05-08 01:00:03.797  5488  7748 V WindowManager:   pfl=36000010
05-08 01:00:03.797  5488  7748 V WindowManager:   bhv=DEFAULT
05-08 01:00:03.797  5488  7748 V WindowManager:   fitSides= naviIconColor=0}
05-08 01:00:03.798  5955  6019 I ViewRootImpl@f3d66ce[mad_toodle]: Relayout returned: old=(0,0,1080,2340) new=(0,0,1080,2340) req=(1080,2340)8 dur=7 res=0x5 s={false 0} ch=true fn=5
05-08 01:00:03.799  5955  6019 I ViewRootImpl@f3d66ce[mad_toodle]: dispatchDetachedFromWindow
05-08 01:00:03.799  5488  7741 D InputTransport: Input channel destroyed: 'a2367a8', fd=978
05-08 01:00:03.800  5488  7741 W InputManager-JNI: Input channel object 'a2367a8 Splash Screen com.example.mad_toodle (client)' was disposed without first being removed with the input manager!
05-08 01:00:03.800  5488  7741 D InputTransport: Input channel destroyed: 'a2367a8', fd=982
05-08 01:00:03.803  5142  5142 I Layer   : id=31591 removeFromCurrentState Surface(name=c4bda08 com.example.mad_toodle/com.example.mad_toodle.HomeActivity)/@0x4cb37d9 - animation-leash of starting_reveal#0 (137)
05-08 01:00:03.805  5955  6019 D InputTransport: Input channel destroyed: 'a2367a8', fd=314
05-08 01:00:03.824 17561 17584 D EventInjectionStrategy: Creating injection strategy with input manager.
05-08 01:00:03.825 17561 17584 W mple.mad_toodl: Accessing hidden method Landroid/hardware/input/InputManager;->getInstance()Landroid/hardware/input/InputManager; (unsupported, reflection, allowed)
05-08 01:00:03.825 17561 17584 W mple.mad_toodl: Accessing hidden method Landroid/hardware/input/InputManager;->injectInputEvent(Landroid/view/InputEvent;I)Z (unsupported, reflection, allowed)
05-08 01:00:03.825 17561 17584 W mple.mad_toodl: Accessing hidden field Landroid/hardware/input/InputManager;->INJECT_INPUT_EVENT_MODE_WAIT_FOR_FINISH:I (unsupported, reflection, allowed)
05-08 01:00:03.844 17561 17561 W mple.mad_toodl: Accessing hidden method Landroid/os/MessageQueue;->next()Landroid/os/Message; (unsupported, reflection, allowed)
05-08 01:00:03.844 17561 17561 W mple.mad_toodl: Accessing hidden field Landroid/os/MessageQueue;->mMessages:Landroid/os/Message; (unsupported, reflection, allowed)
05-08 01:00:03.844 17561 17561 W mple.mad_toodl: Accessing hidden method Landroid/os/Message;->recycleUnchecked()V (unsupported, reflection, allowed)
05-08 01:00:03.854 17561 17561 I ViewInteraction: Checking 'MatchesViewAssertion{viewMatcher=(view has effective visibility <VISIBLE> and view.getGlobalVisibleRect() to return non-empty rectangle)}' assertion on view view.getId() is <2131296369/com.example.mad_toodle:id/btnLogout>
05-08 01:00:03.866 17561 17584 W mple.mad_toodl: Accessing hidden method Landroid/view/ViewConfiguration;->getDoubleTapMinTime()I (unsupported, reflection, allowed)
05-08 01:00:03.869  5142  5142 I Layer   : id=31582 removeFromCurrentState Splash Screen com.example.mad_toodle$_5955#0 (137)
05-08 01:00:03.869  5142  5142 I Layer   : id=31581 removeFromCurrentState a2367a8 Splash Screen com.example.mad_toodle#0 (137)
05-08 01:00:03.870  5142  5142 I Layer   : id=31593 removeFromCurrentState Surface(name=a2367a8 Splash Screen com.example.mad_toodle)/@0x84c224e - animation-leash of window_animation#0 (137)
05-08 01:00:03.870  5142  5142 I SurfaceFlinger: id=31581 Removed a2367a8 Splash Screen com.example.mad_toodle#0 (137)
05-08 01:00:03.870  5142  5142 I SurfaceFlinger: id=31582 Removed Splash Screen com.example.mad_toodle$_5955#0 (137)
05-08 01:00:03.870  5142  5142 I SurfaceFlinger: id=31593 Removed Surface(name=a2367a8 Splash Screen com.example.mad_toodle)/@0x84c224e - animation-leash of window_animation#0 (137)
05-08 01:00:03.870  5142  5142 I Layer   : id=31593 Destroyed Surface(name=a2367a8 Splash Screen com.example.mad_toodle)/@0x84c224e - animation-leash of window_animation#0
05-08 01:00:03.871  5142  5142 I Layer   : id=31581 Destroyed a2367a8 Splash Screen com.example.mad_toodle#0
05-08 01:00:03.873 17561 17561 I ViewInteraction: Performing 'single click' action on view view.getId() is <2131296369/com.example.mad_toodle:id/btnLogout>
05-08 01:00:03.874  5142  5142 I Layer   : id=31582 Destroyed Splash Screen com.example.mad_toodle$_5955#0
05-08 01:00:03.880  5142  5142 D SurfaceFlinger: Display 0 HWC layers:
05-08 01:00:03.880  5142  5142 D SurfaceFlinger:      DEVICE | 0x7b63b75180 | 0102 | RGBA_8888    |    0.0    0.0 1080.0 2340.0 |    0    0 1080 2340 | com.example.mad_toodle/com.example.mad_toodle.HomeActivity$_17561#0
05-08 01:00:03.880  5142  5142 D SurfaceFlinger:      DEVICE | 0x7b63abf200 | 0100 | RGBA_8888    |    0.0    0.0 1080.0   78.0 |    0    0 1080   78 | StatusBar$_5955#0
05-08 01:00:03.880  5142  5142 D SurfaceFlinger:      DEVICE | 0x7b63abe1c0 | 0100 | RGBA_8888    |    0.0    0.0   67.0  331.0 |    0 1538   67 1869 | com.samsung.android.app.cocktailbars[...]arservice.CocktailBarService$_7790#0
05-08 01:00:03.880  5142  5142 D SurfaceFlinger:      DEVICE | 0x7b63abdb80 | 0100 | RGBA_8888    |    0.0    0.0 1080.0  126.0 |    0 2214 1080 2340 | NavigationBar0$_5955#0
05-08 01:00:03.880  5142  5142 D SurfaceFlinger:      DEVICE | 0x7b63abdcc0 | 0140 | RGBA_8888    |    0.0    0.0 1080.0  151.0 |    0    0 1080  151 | ScreenDecorOverlay$_5955#0
05-08 01:00:03.880  5142  5142 D SurfaceFlinger:      DEVICE | 0x7b61fc77c0 | 0140 | RGBA_8888    |    0.0    0.0 1080.0  151.0 |    0 2189 1080 2340 | ScreenDecorOverlayBottom$_5955#0
05-08 01:00:03.880  5142  5142 D SurfaceFlinger:
05-08 01:00:03.884  5488  7748 D InputDispatcher: Inject motion (17561): action=0x0, time=119193556000000, f=0x0, d=0
05-08 01:00:03.884  5488  5676 I InputDispatcher: Delivering touch to (5955): action: 0x4, f=0x0, d=0, 'ab5285f', t=0
05-08 01:00:03.885  5488  5676 I InputDispatcher: Delivering touch to (17561): action: 0x0, f=0x0, d=0, 'c4bda08', t=0
05-08 01:00:03.886 17561 17561 I ViewRootImpl@f94d5c4[HomeActivity]: ViewPostIme pointer 0
05-08 01:00:03.886  5488  5540 I GestureDetector: obtain mCurrentDownEvent. id: -853085991 caller: com.android.server.wm.SystemGesturesPointerEventListener.onPointerEvent:179 com.android.server.wm.PointerEventDispatcher.onInputEvent:71 android.view.InputEventReceiver.dispatchInputEvent:259
05-08 01:00:03.886 17561 17561 I MSHandlerLifeCycle: isMultiSplitHandlerRequested: windowingMode=1 isFullscreen=true isPopOver=false isHidden=false skipActivityType=false isHandlerType=true this: DecorView@c61bee6[HomeActivity]
05-08 01:00:03.887  5488  5540 I GestureDetector: obtain mCurrentDownEvent. id: -853085991 caller: com.android.server.wm.SystemPerformancePointerEventListener.onPointerEvent:89 com.android.server.wm.PointerEventDispatcher.onInputEvent:71 android.view.InputEventReceiver.dispatchInputEvent:259
05-08 01:00:03.930  5488  7748 D InputDispatcher: Inject motion (17561): action=0x1, time=119193604000000, f=0x0, d=0
05-08 01:00:03.931  5488  5676 I InputDispatcher: Delivering touch to (17561): action: 0x1, f=0x0, d=0, 'c4bda08', t=0
05-08 01:00:03.931  5488  5540 I GestureDetector: obtain mCurrentMotionEventRaw. action: 1 id: -509164565
05-08 01:00:03.931 17561 17561 I ViewRootImpl@f94d5c4[HomeActivity]: ViewPostIme pointer 1
05-08 01:00:03.932  5488  5540 I GestureDetector: obtain mCurrentMotionEventRaw. action: 1 id: -509164565
05-08 01:00:03.932 17561 17561 I MSHandlerLifeCycle: isMultiSplitHandlerRequested: windowingMode=1 isFullscreen=true isPopOver=false isHidden=false skipActivityType=false isHandlerType=true this: DecorView@c61bee6[HomeActivity]
05-08 01:00:03.953  5142  5142 E SurfaceFlinger: Attempt to update InputPolicyFlags without permission ACCESS_SURFACE_FLINGER
05-08 01:00:03.969  5142  5142 E SurfaceFlinger: Attempt to update InputPolicyFlags without permission ACCESS_SURFACE_FLINGER
05-08 01:00:03.986  5142  5142 E SurfaceFlinger: Attempt to update InputPolicyFlags without permission ACCESS_SURFACE_FLINGER
05-08 01:00:04.003  5142  5142 E SurfaceFlinger: Attempt to update InputPolicyFlags without permission ACCESS_SURFACE_FLINGER
05-08 01:00:04.019  5142  5142 E SurfaceFlinger: Attempt to update InputPolicyFlags without permission ACCESS_SURFACE_FLINGER
05-08 01:00:04.036  5142  5142 E SurfaceFlinger: Attempt to update InputPolicyFlags without permission ACCESS_SURFACE_FLINGER
05-08 01:00:04.053  5142  5142 E SurfaceFlinger: Attempt to update InputPolicyFlags without permission ACCESS_SURFACE_FLINGER
05-08 01:00:04.068  5231  9611 I CameraService: onUidStateChanged: uid=10193, procState is changed. (5 -> 3)
05-08 01:00:04.070  5142  5142 E SurfaceFlinger: Attempt to update InputPolicyFlags without permission ACCESS_SURFACE_FLINGER
05-08 01:00:04.078  6672  7600 I FontLog : (REDACTED) Received query %s, URI %s
05-08 01:00:04.078  6672  7600 I FontLog : (REDACTED) Query [%s] resolved to %s
05-08 01:00:04.080  6672  7600 I FontLog : (REDACTED) Fetch %s end status %s
05-08 01:00:04.086  5142  5142 E SurfaceFlinger: Attempt to update InputPolicyFlags without permission ACCESS_SURFACE_FLINGER
05-08 01:00:04.089  6672  7600 I FontLog : (REDACTED) Pulling font file for id = %d, cache size = %d
05-08 01:00:04.103  5142  5142 E SurfaceFlinger: Attempt to update InputPolicyFlags without permission ACCESS_SURFACE_FLINGER
05-08 01:00:04.103  6672  7600 I FontLog : (REDACTED) Pulling font file for id = %d, cache size = %d
05-08 01:00:04.120  5142  5142 E SurfaceFlinger: Attempt to update InputPolicyFlags without permission ACCESS_SURFACE_FLINGER
05-08 01:00:04.134 20699 20699 I cltv    : onStop
05-08 01:00:04.137  5142  5142 E SurfaceFlinger: Attempt to update InputPolicyFlags without permission ACCESS_SURFACE_FLINGER
05-08 01:00:04.154  5142  5142 E SurfaceFlinger: Attempt to update InputPolicyFlags without permission ACCESS_SURFACE_FLINGER
05-08 01:00:04.158  5488  5500 I system_server: Background concurrent copying GC freed 27MB AllocSpace bytes, 62(9960KB) LOS objects, 20% free, 95MB/119MB, paused 1.402ms,307us total 404.668ms
05-08 01:00:04.170  5142  5142 E SurfaceFlinger: Attempt to update InputPolicyFlags without permission ACCESS_SURFACE_FLINGER
05-08 01:00:04.185  5488  5540 I GestureDetector: handleMessage TAP
05-08 01:00:04.186  5488  5502 W System  : A resource failed to call release.
05-08 01:00:04.187  5142  5142 E SurfaceFlinger: Attempt to update InputPolicyFlags without permission ACCESS_SURFACE_FLINGER
05-08 01:00:04.188  5488  5488 I GestureDetector: handleMessage TAP
05-08 01:00:04.203  5142  5142 E SurfaceFlinger: Attempt to update InputPolicyFlags without permission ACCESS_SURFACE_FLINGER
05-08 01:00:04.220  5142  5142 E SurfaceFlinger: Attempt to update InputPolicyFlags without permission ACCESS_SURFACE_FLINGER
05-08 01:00:04.237  5142  5142 E SurfaceFlinger: Attempt to update InputPolicyFlags without permission ACCESS_SURFACE_FLINGER
05-08 01:00:04.242 17561 17565 I mple.mad_toodl: Compiler allocated 4498KB to compile void android.view.ViewRootImpl.performTraversals()
05-08 01:00:04.253  5142  5142 E SurfaceFlinger: Attempt to update InputPolicyFlags without permission ACCESS_SURFACE_FLINGER
05-08 01:00:04.270  5142  5142 E SurfaceFlinger: Attempt to update InputPolicyFlags without permission ACCESS_SURFACE_FLINGER
05-08 01:00:04.287  5142  5142 E SurfaceFlinger: Attempt to update InputPolicyFlags without permission ACCESS_SURFACE_FLINGER
05-08 01:00:04.303  5142  5142 E SurfaceFlinger: Attempt to update InputPolicyFlags without permission ACCESS_SURFACE_FLINGER
05-08 01:00:04.320  5142  5142 E SurfaceFlinger: Attempt to update InputPolicyFlags without permission ACCESS_SURFACE_FLINGER
05-08 01:00:04.519  5113 17634 I HYPER-HAL: [RequestManager.cpp]releaseLocked(): Released ID : 15138767
05-08 01:00:04.630  5113 17601 I HYPER-HAL: [RequestManager.cpp]releaseLocked(): Released ID : 29495053
05-08 01:00:05.157  5113 17602 I HYPER-HAL: [RequestManager.cpp]releaseLocked(): Released ID : 15133264
05-08 01:00:05.658  5955  6031 D MobileStatusTracker(0/1): onSignalStrengthsChanged signalStrength=SignalStrength:{mCdma=Invalid,mGsm=Invalid,mWcdma=Invalid,mTdscdma=Invalid,mLte=CellSignalStrengthLte: rssi=-109 rsrp=-108 rsrq=-8 rssnr=6 cqiTableIndex=2147483647 cqi=10 ta=2147483647 level=3 parametersUseForLevel=0,mNr=Invalid,SignalBarInfo{ lteLevel=3 },rat=14,primary=CellSignalStrengthLte} level=3
05-08 01:00:05.662  5955  6031 D NetworkController: SignalStrength from intent slotId=0
05-08 01:00:05.722 17561 17642 D ProfileInstaller: Installing profile for com.example.mad_toodle
05-08 01:00:05.925 17561 17561 D HomeActivity: User data deleted successfully
05-08 01:00:05.926 17561 17561 D FirebaseAuth: Notifying id token listeners about a sign-out event.
05-08 01:00:05.926 17561 17561 D FirebaseAuth: Notifying auth state listeners about a sign-out event.
05-08 01:00:05.927 17561 17561 D CompatibilityChangeReporter: Compat change id reported: 147798919; UID 12344; state: ENABLED
05-08 01:00:05.936 17561 17561 V Toast   : show: caller = com.example.mad_toodle.HomeActivity.lambda$logout$1$com-example-mad_toodle-HomeActivity:46
05-08 01:00:05.936 17561 17561 V Toast   : show: focusDisplayId = 0, isFocusInDesktop = false mCustomDisplayId=-1 isDexDualMode=false
05-08 01:00:05.936 17561 17561 V Toast   : show: isActivityContext = true
05-08 01:00:05.946  5142  5204 I SurfaceFlinger: id=31594 createSurf (0x0),-1 flag=80004, WindowToken{36b957b android.os.Binder@804890a}#0
05-08 01:00:05.962  5488  7721 I SemDvfsHyPerManager: acquire hyper - AMS_ACT_START/5488@12, type = -999
05-08 01:00:05.965  5113  5155 I HYPER-HAL: [RequestManager.cpp]acquire(): Acquired ID : 15127762  [5488 / 12]    HINT : AMS_ACT_START    list :
05-08 01:00:05.969  5142  5204 I SurfaceFlinger: id=31595 createSurf (0x0),-1 flag=80004, ActivityRecord{be63f1 u0 com.example.mad_toodle/.LoginActivity t9152}#0
05-08 01:00:05.981  5955  5955 V ToastPresenter: sipHeight = -126
05-08 01:00:05.982  5955  5955 V ToastPresenter: Text: Mogg in android.widget.ToastPresenter@6a3f3f5
05-08 01:00:05.982 17561 17561 D LifecycleMonitor: Lifecycle status change: com.example.mad_toodle.HomeActivity@4163c0e in: PAUSED
05-08 01:00:05.982 17561 17561 V ActivityScenario: Update currentActivityStage to PAUSED, currentActivity=com.example.mad_toodle.HomeActivity@4163c0e
05-08 01:00:05.989  5488  7721 D InputDispatcher: Focused application set to (0): be63f1
05-08 01:00:05.997  5488  7741 D InputTransport: Input channel constructed: 'a940e57', fd=472
05-08 01:00:05.997  5488  7741 D InputTransport: Input channel constructed: 'a940e57', fd=523
05-08 01:00:05.997  5488  7741 D InputTransport: Input channel constructed: 'a940e57', fd=537
05-08 01:00:05.998  5142  5204 I SurfaceFlinger: id=31596 createSurf (0x0),-1 flag=80004, a940e57 Toast#0
05-08 01:00:05.998  5488  7741 D InputTransport: Input channel destroyed: 'a940e57', fd=537
05-08 01:00:05.999  5955  5955 I ViewRootImpl@ca1b58a[Toast]: setView = android.widget.LinearLayout@b0cda71 TM=true
05-08 01:00:06.003  7790  7790 I Utils   : HomePackage : com.sec.android.app.launcher, resumePackageName : com.example.mad_toodle
05-08 01:00:06.003  5488  6964 I MediaSessionMonitor: Media session stopped : controllerList empty
05-08 01:00:06.004  5488  7741 V WindowManager: Relayout Window{a940e57 u0 Toast}: viewVisibility=0 req=683x116 d0
05-08 01:00:06.004  5142  5204 I SurfaceFlinger: id=31597 createSurf (1x1),-3 flag=40004, Toast$_5955#0
05-08 01:00:06.007  5488  7741 V WindowManager: Relayout hash=a940e57, pid=5955: mAttrs={(0,168)(wrapxwrap) gr=BOTTOM CENTER sim={adjust=pan} ty=TOAST fmt=TRANSLUCENT wanim=0x1030004
05-08 01:00:06.007  5488  7741 V WindowManager:   fl=1000098
05-08 01:00:06.007  5488  7741 V WindowManager:   pfl=32000000
05-08 01:00:06.007  5488  7741 V WindowManager:   bhv=DEFAULT
05-08 01:00:06.007  5488  7741 V WindowManager:   fitTypes=STATUS_BARS NAVIGATION_BARS CAPTION_BAR
05-08 01:00:06.007  5488  7741 V WindowManager:   fitIgnoreVis naviIconColor=0}
05-08 01:00:06.007 17561 17561 D LifecycleMonitor: Lifecycle status change: com.example.mad_toodle.LoginActivity@6aed316 in: PRE_ON_CREATE
05-08 01:00:06.008 17561 17561 V ActivityScenario: Activity lifecycle changed event received but ignored because the intent does not match. startActivityIntent=Intent { act=android.intent.action.MAIN cat=[android.intent.category.LAUNCHER] flg=0x10008000 cmp=com.example.mad_toodle/.HomeActivity }, activity.getIntent()=Intent { cmp=com.example.mad_toodle/.LoginActivity }, activity=com.example.mad_toodle.LoginActivity@6aed316
05-08 01:00:06.009  5955  5955 I ViewRootImpl@ca1b58a[Toast]: Relayout returned: old=(0,83,1080,2214) new=(198,1930,881,2046) req=(683,116)0 dur=4 res=0x7 s={true 516375334912} ch=true fn=-1
05-08 01:00:06.010  5488  7721 D InputDispatcher: Focus left window (0): c4bda08 com.example.mad_toodle/com.example.mad_toodle.HomeActivity
05-08 01:00:06.011  5955  6072 D OpenGLRenderer: eglCreateWindowSurface
05-08 01:00:06.011  5955  5955 I ViewRootImpl@ca1b58a[Toast]: [DP] dp(1) 0 android.view.ViewRootImpl.reportNextDraw:11442 android.view.ViewRootImpl.performTraversals:4198 android.view.ViewRootImpl.doTraversal:2924
05-08 01:00:06.012  5955  5955 D ViewRootImpl@ca1b58a[Toast]: Creating frameDrawingCallback nextDrawUseBlastSync=false reportNextDraw=true hasBlurUpdates=false
05-08 01:00:06.012  5955  5955 D ViewRootImpl@ca1b58a[Toast]: Creating frameCompleteCallback
05-08 01:00:06.014  5955  6776 D ViewRootImpl@ca1b58a[Toast]: Received frameDrawingCallback frameNum=1. Creating transactionCompleteCallback=false
05-08 01:00:06.017 17561 17561 I DecorView: [INFO] isPopOver=false, config=true
05-08 01:00:06.017 17561 17561 I DecorView: updateCaptionType >> DecorView@4cee6f0[], isFloating=false, isApplication=true, hasWindowControllerCallback=true, hasWindowDecorCaption=false
05-08 01:00:06.017 17561 17561 D DecorView: setCaptionType = 0, this = DecorView@4cee6f0[]
05-08 01:00:06.017  5955  6072 D ViewRootImpl@ca1b58a[Toast]: Received frameCompleteCallback  lastAcquiredFrameNum=1 lastAttemptedDrawFrameNum=1
05-08 01:00:06.018  5955  5955 I ViewRootImpl@ca1b58a[Toast]: [DP] pdf(0) 0 android.view.ViewRootImpl.lambda$addFrameCompleteCallbackIfNeeded$3$ViewRootImpl:5000 android.view.ViewRootImpl$$ExternalSyntheticLambda16.run:6 android.os.Handler.handleCallback:938
05-08 01:00:06.018  5955  5955 I ViewRootImpl@ca1b58a[Toast]: [DP] rdf()
05-08 01:00:06.018  5955  5955 D ViewRootImpl@ca1b58a[Toast]: reportDrawFinished (fn: -1)
05-08 01:00:06.019 17561 17561 I DecorView: getCurrentDensityDpi: from real metrics. densityDpi=420 msg=resources_loaded
05-08 01:00:06.020  5142  5205 I SurfaceFlinger: id=31598 createSurf (0x0),-1 flag=24004, Surface(name=a940e57 Toast)/@0x4c4a029 - animation-leash of window_animation#0
05-08 01:00:06.062  5142  5142 D SurfaceFlinger: Display 0 HWC layers:
05-08 01:00:06.062  5142  5142 D SurfaceFlinger:      DEVICE | 0x7b288b97c0 | 0102 | RGBA_8888    |    0.0    0.0 1080.0 2340.0 |    0    0 1080 2340 | com.example.mad_toodle/com.example.mad_toodle.HomeActivity$_17561#0
05-08 01:00:06.062  5142  5142 D SurfaceFlinger:      DEVICE | 0x7b63abf200 | 0100 | RGBA_8888    |    0.0    0.0 1080.0   78.0 |    0    0 1080   78 | StatusBar$_5955#0
05-08 01:00:06.062  5142  5142 D SurfaceFlinger:      DEVICE | 0x7b63abe1c0 | 0100 | RGBA_8888    |    0.0    0.0   67.0  331.0 |    0 1538   67 1869 | com.samsung.android.app.cocktailbars[...]arservice.CocktailBarService$_7790#0
05-08 01:00:06.062  5142  5142 D SurfaceFlinger:      DEVICE | 0x7b63b757c0 | 0100 | RGBA_8888    |    0.0    0.0  683.0  116.0 |  198 1930  881 2046 | Toast$_5955#0
05-08 01:00:06.062  5142  5142 D SurfaceFlinger:      DEVICE | 0x7b63abdb80 | 0100 | RGBA_8888    |    0.0    0.0 1080.0  126.0 |    0 2214 1080 2340 | NavigationBar0$_5955#0
05-08 01:00:06.062  5142  5142 D SurfaceFlinger:      DEVICE | 0x7b63abdcc0 | 0140 | RGBA_8888    |    0.0    0.0 1080.0  151.0 |    0    0 1080  151 | ScreenDecorOverlay$_5955#0
05-08 01:00:06.062  5142  5142 D SurfaceFlinger:      DEVICE | 0x7b61fc77c0 | 0140 | RGBA_8888    |    0.0    0.0 1080.0  151.0 |    0 2189 1080 2340 | ScreenDecorOverlayBottom$_5955#0
05-08 01:00:06.062  5142  5142 D SurfaceFlinger:
05-08 01:00:06.093  6447 25033 I RecentModel: onTaskStackChangedBackground
05-08 01:00:06.106 17561 17646 W LOTTIE  : Lottie doesn't support layer effects. If you are using them for  fills, strokes, trim paths etc. then try adding them directly as contents  in your shape. Found: []
05-08 01:00:06.108 17561 17561 D LifecycleMonitor: Lifecycle status change: com.example.mad_toodle.LoginActivity@6aed316 in: CREATED
05-08 01:00:06.108 17561 17561 V ActivityScenario: Activity lifecycle changed event received but ignored because the intent does not match. startActivityIntent=Intent { act=android.intent.action.MAIN cat=[android.intent.category.LAUNCHER] flg=0x10008000 cmp=com.example.mad_toodle/.HomeActivity }, activity.getIntent()=Intent { cmp=com.example.mad_toodle/.LoginActivity }, activity=com.example.mad_toodle.LoginActivity@6aed316
05-08 01:00:06.110 17561 17561 D LifecycleMonitor: Lifecycle status change: com.example.mad_toodle.LoginActivity@6aed316 in: STARTED
05-08 01:00:06.110 17561 17561 V ActivityScenario: Activity lifecycle changed event received but ignored because the intent does not match. startActivityIntent=Intent { act=android.intent.action.MAIN cat=[android.intent.category.LAUNCHER] flg=0x10008000 cmp=com.example.mad_toodle/.HomeActivity }, activity.getIntent()=Intent { cmp=com.example.mad_toodle/.LoginActivity }, activity=com.example.mad_toodle.LoginActivity@6aed316
05-08 01:00:06.113 17561 17561 D LifecycleMonitor: Lifecycle status change: com.example.mad_toodle.LoginActivity@6aed316 in: RESUMED
05-08 01:00:06.113 17561 17561 V ActivityScenario: Activity lifecycle changed event received but ignored because the intent does not match. startActivityIntent=Intent { act=android.intent.action.MAIN cat=[android.intent.category.LAUNCHER] flg=0x10008000 cmp=com.example.mad_toodle/.HomeActivity }, activity.getIntent()=Intent { cmp=com.example.mad_toodle/.LoginActivity }, activity=com.example.mad_toodle.LoginActivity@6aed316
05-08 01:00:06.115 17561 17561 I MSHandlerLifeCycle: isMultiSplitHandlerRequested: ignored. pkg=com.example.mad_toodle parent=null callers=com.android.internal.policy.DecorView.setVisibility:4295 android.app.ActivityThread.handleResumeActivity:5383 android.app.servertransaction.ResumeActivityItem.execute:54 android.app.servertransaction.ActivityTransactionItem.execute:45 android.app.servertransaction.TransactionExecutor.executeLifecycleState:176
05-08 01:00:06.115 17561 17561 I MSHandlerLifeCycle: removeMultiSplitHandler: no exist. decor=DecorView@4cee6f0[]
05-08 01:00:06.118 17561 17561 I DecorView: notifyKeepScreenOnChanged: keepScreenOn=false
05-08 01:00:06.118 17561 17561 I MSHandlerLifeCycle: isMultiSplitHandlerRequested: ignored. pkg=com.example.mad_toodle parent=null callers=com.android.internal.policy.DecorView.hasMultiSplitHandlerInNonFreeformMode:891 com.android.internal.policy.DecorView.notifyKeepScreenOnChanged:885 android.view.ViewRootImpl.applyKeepScreenOnFlag:2945 android.view.ViewRootImpl.collectViewAttributes:2969 android.view.ViewRootImpl.setView:1558
05-08 01:00:06.119  5488  7741 D InputTransport: Input channel constructed: '608d36b', fd=537
05-08 01:00:06.119  5488  7741 D InputTransport: Input channel constructed: '608d36b', fd=633
05-08 01:00:06.119  5488  7741 D InputTransport: Input channel constructed: '608d36b', fd=649
05-08 01:00:06.120  5142  5204 I SurfaceFlinger: id=31599 createSurf (0x0),-1 flag=80004, 608d36b com.example.mad_toodle/com.example.mad_toodle.LoginActivity#0
05-08 01:00:06.121  5488  7741 D InputTransport: Input channel destroyed: '608d36b', fd=649
05-08 01:00:06.122 17561 17561 I ViewRootImpl@8ec3e9d[LoginActivity]: setView = com.android.internal.policy.DecorView@4cee6f0 TM=true
05-08 01:00:06.123 17561 17561 I MSHandlerLifeCycle: isMultiSplitHandlerRequested: windowingMode=1 isFullscreen=true isPopOver=false isHidden=false skipActivityType=false isHandlerType=true this: DecorView@4cee6f0[LoginActivity]
05-08 01:00:06.123 17561 17561 I MSHandlerLifeCycle: removeMultiSplitHandler: no exist. decor=DecorView@4cee6f0[LoginActivity]
05-08 01:00:06.148  5488  7741 V WindowManager: Relayout Window{608d36b u0 com.example.mad_toodle/com.example.mad_toodle.LoginActivity}: viewVisibility=0 req=1080x2340 d0
05-08 01:00:06.148  5142  5205 I SurfaceFlinger: id=31600 createSurf (1x1),-3 flag=40004, com.example.mad_toodle/com.example.mad_toodle.LoginActivity$_17561#0
05-08 01:00:06.151  5142  5205 I SurfaceFlinger: id=31601 createSurf (0x0),-1 flag=24000, Surface(name=ba6b7dd StatusBar)/@0x5e7fe9b - animation-leash of insets_animation#1
05-08 01:00:06.152  5142  5205 I SurfaceFlinger: id=31602 createSurf (0x0),-1 flag=24000, Surface(name=ab5285f NavigationBar0)/@0xe452fcc - animation-leash of insets_animation#0
05-08 01:00:06.154  5488  7741 V WindowManager: Relayout hash=608d36b, pid=17561: mAttrs={(0,0)(fillxfill) sim={adjust=pan forwardNavigation} ty=BASE_APPLICATION wanim=0x1030303
05-08 01:00:06.154  5488  7741 V WindowManager:   fl=85810100
05-08 01:00:06.154  5488  7741 V WindowManager:   pfl=12020040
05-08 01:00:06.154  5488  7741 V WindowManager:   vsysui=500
05-08 01:00:06.154  5488  7741 V WindowManager:   bhv=DEFAULT
05-08 01:00:06.154  5488  7741 V WindowManager:   fitSides= naviIconColor=0}
05-08 01:00:06.156 17561 17561 I ViewRootImpl@8ec3e9d[LoginActivity]: Relayout returned: old=(0,0,1080,2340) new=(0,0,1080,2340) req=(1080,2340)0 dur=7 res=0x7 s={true 519204593664} ch=true fn=-1
05-08 01:00:06.157 17561 17604 D OpenGLRenderer: eglCreateWindowSurface
05-08 01:00:06.175  5142  5142 I Layer   : id=31589 removeFromCurrentState Surface(name=ba6b7dd StatusBar)/@0x5e7fe9b - animation-leash of insets_animation#0 (143)
05-08 01:00:06.175  5142  5142 I Layer   : id=31590 removeFromCurrentState Surface(name=ab5285f NavigationBar0)/@0xe452fcc - animation-leash of insets_animation#1 (143)
05-08 01:00:06.176 17561 17561 I ViewRootImpl@8ec3e9d[LoginActivity]: [DP] dp(1) 1 android.view.ViewRootImpl.reportNextDraw:11442 android.view.ViewRootImpl.performTraversals:4198 android.view.ViewRootImpl.doTraversal:2924
05-08 01:00:06.176  5488  7741 D InputDispatcher: Focus request (0): 608d36b com.example.mad_toodle/com.example.mad_toodle.LoginActivity but waiting because NOT_VISIBLE
05-08 01:00:06.177 17561 17561 D ViewRootImpl@8ec3e9d[LoginActivity]: Creating frameDrawingCallback nextDrawUseBlastSync=false reportNextDraw=true hasBlurUpdates=false
05-08 01:00:06.177 17561 17561 D ViewRootImpl@8ec3e9d[LoginActivity]: Creating frameCompleteCallback
05-08 01:00:06.186 17561 17630 D ViewRootImpl@8ec3e9d[LoginActivity]: Received frameDrawingCallback frameNum=1. Creating transactionCompleteCallback=false
05-08 01:00:06.230 17561 17647 W LOTTIE  : Animation contains merge paths. Merge paths are only supported on KitKat+ and must be manually enabled by calling enableMergePathsForKitKatAndAbove().
05-08 01:00:06.230 17561 17648 W LOTTIE  : Animation contains merge paths. Merge paths are only supported on KitKat+ and must be manually enabled by calling enableMergePathsForKitKatAndAbove().
05-08 01:00:06.238 17561 17604 D ViewRootImpl@8ec3e9d[LoginActivity]: Received frameCompleteCallback  lastAcquiredFrameNum=1 lastAttemptedDrawFrameNum=1
05-08 01:00:06.240 17561 17561 I ViewRootImpl@8ec3e9d[LoginActivity]: [DP] pdf(0) 1 android.view.ViewRootImpl.lambda$addFrameCompleteCallbackIfNeeded$3$ViewRootImpl:5000 android.view.ViewRootImpl$$ExternalSyntheticLambda16.run:6 android.os.Handler.handleCallback:938
05-08 01:00:06.240 17561 17561 I ViewRootImpl@8ec3e9d[LoginActivity]: [DP] rdf()
05-08 01:00:06.240 17561 17561 D ViewRootImpl@8ec3e9d[LoginActivity]: reportDrawFinished (fn: -1)
05-08 01:00:06.240 17561 17561 I ViewRootImpl@f94d5c4[HomeActivity]: MSG_WINDOW_FOCUS_CHANGED 0 1
05-08 01:00:06.242  5142  5142 E SurfaceFlinger: Attempt to update InputPolicyFlags without permission ACCESS_SURFACE_FLINGER
05-08 01:00:06.246  5142  5204 I SurfaceFlinger: id=31603 createSurf (0x0),-1 flag=24000, Surface(name=ActivityRecord{f4d378e u0 com.example.mad_toodle/.HomeActivity t9152})/@0x61159e - animation-leash of app_transition#0
05-08 01:00:06.248  5142  5205 I SurfaceFlinger: id=31604 createSurf (0x0),-1 flag=20004, Dim Layer for - ActivityRecord{f4d378e u0 com.example.mad_toodle/.HomeActivity t9152 f}} - animating-dim#0
05-08 01:00:06.249  5142  5204 I SurfaceFlinger: id=31605 createSurf (0x0),-1 flag=24000, Surface(name=Dim Layer for - ActivityRecord{f4d378e u0 com.example.mad_toodle/.HomeActivity t9152 f}} - animating-dim)/@0xffd90c - animation-leash of dimmer#0
05-08 01:00:06.250  5142  5205 I SurfaceFlinger: id=31606 createSurf (0x0),-1 flag=80004, Surface(name=ActivityRecord{f4d378e u0 com.example.mad_toodle/.HomeActivity t9152})/@0x61159e - animation-bounds#0
05-08 01:00:06.252 17561 17561 D InsetsSourceConsumer: ensureControlAlpha: for ITYPE_NAVIGATION_BAR on com.example.mad_toodle/com.example.mad_toodle.LoginActivity
05-08 01:00:06.252  5142  5736 I SurfaceFlinger: id=31607 createSurf (0x0),-1 flag=24004, Surface(name=ActivityRecord{be63f1 u0 com.example.mad_toodle/.LoginActivity t9152})/@0xf863da4 - animation-leash of app_transition#0
05-08 01:00:06.253 17561 17561 D InsetsSourceConsumer: ensureControlAlpha: for ITYPE_STATUS_BAR on com.example.mad_toodle/com.example.mad_toodle.LoginActivity
05-08 01:00:06.253  5142  5204 I SurfaceFlinger: id=31608 createSurf (0x0),-1 flag=80004, Surface(name=ActivityRecord{be63f1 u0 com.example.mad_toodle/.LoginActivity t9152})/@0xf863da4 - animation-bounds#0
05-08 01:00:06.256  5488  5539 I ActivityTaskManager: Displayed com.example.mad_toodle/.LoginActivity: +298ms
05-08 01:00:06.257  5142  5204 I SurfaceFlinger: id=31590 Removed Surface(name=ab5285f NavigationBar0)/@0xe452fcc - animation-leash of insets_animation#1 (149)
05-08 01:00:06.257  5142  5204 I SurfaceFlinger: id=31589 Removed Surface(name=ba6b7dd StatusBar)/@0x5e7fe9b - animation-leash of insets_animation#0 (149)
05-08 01:00:06.258  6557  6557 E pageboostd: Received HALT command code 2
05-08 01:00:06.259  5142  5142 E SurfaceFlinger: Attempt to update InputPolicyFlags without permission ACCESS_SURFACE_FLINGER
05-08 01:00:06.259  5142  5142 I Layer   : id=31589 Destroyed Surface(name=ba6b7dd StatusBar)/@0x5e7fe9b - animation-leash of insets_animation#0
05-08 01:00:06.259  5142  5142 I Layer   : id=31590 Destroyed Surface(name=ab5285f NavigationBar0)/@0xe452fcc - animation-leash of insets_animation#1
05-08 01:00:06.260  5488  7741 D InputDispatcher: Focus entered window (0): 608d36b com.example.mad_toodle/com.example.mad_toodle.LoginActivity
05-08 01:00:06.277 17561 17561 I ViewRootImpl@8ec3e9d[LoginActivity]: MSG_WINDOW_FOCUS_CHANGED 1 1
05-08 01:00:06.279 17561 17561 D InputMethodManager: startInputInner - Id : 0
05-08 01:00:06.279 17561 17561 I InputMethodManager: startInputInner - mService.startInputOrWindowGainedFocus
05-08 01:00:06.280  5488  7741 D InputMethodManagerService: mDesktopModeManager null!
05-08 01:00:06.280  5488  7741 V InputMethodManagerService: getDisplayIdOfInputMethodWindowToBeAdded : 0
05-08 01:00:06.280  5488  7741 D InputMethodManagerService: checkDisplayOfStartInputAndUpdateKeyboard display Id 0last 0
05-08 01:00:06.280  5488  7741 D InputTransport: Input channel constructed: 'ClientS', fd=649
05-08 01:00:06.280  5488  7741 D InputTransport: Input channel destroyed: 'ClientS', fd=649
05-08 01:00:06.281  8552  8552 I HBD     : HoneyBoardService onFinishInput
05-08 01:00:06.282  8552  8552 I HBD     : a IC have been unbinding,  InputConnectionWrapper{idHash=#5de2ac mMissingMethods=}
05-08 01:00:06.282  8552  8552 I HBD     : HoneyBoardService [PF_CL][onFinishInput]  627384 ns
05-08 01:00:06.282  8552  8552 I HBD     : HoneyBoardService [IMI] onStartInput - caller pid : 17561 , caller uid : 12344
05-08 01:00:06.282  8552  8552 I HBD     : j updateConfigs
05-08 01:00:06.282  5142  5205 I SurfaceFlinger: id=31609 createSurf (0x0),-1 flag=24004, Surface(name=75ec799 InputMethod)/@0xe9ffe3f - animation-leash of insets_animation#1
05-08 01:00:06.282  8552  8552 I HBD     : j isEnabledNightMode : true
05-08 01:00:06.282  8552  8552 I HBD     : a IC have been binding, InputConnectionWrapper{idHash=#5de2ac mMissingMethods=}
05-08 01:00:06.282  8552  8552 I HBD     : h [EditorInputType]setPrivateImeOptionsToTable privateImeOptions ( null )
05-08 01:00:06.282  8552  8552 I HBD     : b incognitoMode : false
05-08 01:00:06.283  8552  8552 I HBD     : a needOff = true , isForceOff = false, isNullInputClass : true
05-08 01:00:06.283  8552  8552 I HBD     : h getDefaultInputRange : UNKNOWN
05-08 01:00:06.283  8552  8552 I HBD     : h getDefaultInputRange : UNKNOWN
05-08 01:00:06.283  8552  8552 I HBD     : h getDefaultInputRange : UNKNOWN
05-08 01:00:06.284  5142  5142 D SurfaceFlinger: Display 0 HWC layers:
05-08 01:00:06.284  5142  5142 D SurfaceFlinger:      DEVICE | 0x7b63b75180 | 0102 | RGBA_8888    |    0.0    8.0 1080.0 2340.0 |    0    0 1080 2332 | com.example.mad_toodle/com.example.mad_toodle.HomeActivity$_17561#0
05-08 01:00:06.284  5142  5142 D SurfaceFlinger:      DEVICE | 0x7b63b74500 | 0102 | RGBA_8888    |    0.0    0.0 1080.0 1947.0 |    0  393 1080 2340 | com.example.mad_toodle/com.example.mad_toodle.LoginActivity$_17561#0
05-08 01:00:06.284  5142  5142 D SurfaceFlinger:      DEVICE | 0x7b63abf200 | 0100 | RGBA_8888    |    0.0    0.0 1080.0   78.0 |    0    0 1080   78 | StatusBar$_5955#0
05-08 01:00:06.284  5142  5142 D SurfaceFlinger:      DEVICE | 0x7b63abe1c0 | 0100 | RGBA_8888    |    0.0    0.0   67.0  331.0 |    0 1538   67 1869 | com.samsung.android.app.cocktailbars[...]arservice.CocktailBarService$_7790#0
05-08 01:00:06.284  5142  5142 D SurfaceFlinger:      DEVICE | 0x7b63b757c0 | 0100 | RGBA_8888    |    0.0    0.0  683.0  116.0 |  198 1930  881 2046 | Toast$_5955#0
05-08 01:00:06.284  5142  5142 D SurfaceFlinger:      DEVICE | 0x7b63abdb80 | 0100 | RGBA_8888    |    0.0    0.0 1080.0  126.0 |    0 2214 1080 2340 | NavigationBar0$_5955#0
05-08 01:00:06.284  5142  5142 D SurfaceFlinger:      DEVICE | 0x7b63abdcc0 | 0140 | RGBA_8888    |    0.0    0.0 1080.0  151.0 |    0    0 1080  151 | ScreenDeco
05-08 01:00:06.284  5142  5142 D SurfaceFlinger: rOverlay$_5955#0
05-08 01:00:06.284  5142  5142 D SurfaceFlinger:      DEVICE | 0x7b61fc77c0 | 0140 | RGBA_8888    |    0.0    0.0 1080.0  151.0 |    0 2189 1080 2340 | ScreenDecorOverlayBottom$_5955#0
05-08 01:00:06.284  5142  5142 D SurfaceFlinger:
05-08 01:00:06.288  8552  8552 I HBD     : a needOff = true , isForceOff = false, isNullInputClass : true
05-08 01:00:06.288  8552  8552 I HBD     : a update cached prediction status : false
05-08 01:00:06.288  8552  8552 I HBD     : h getDefaultInputRange : UNKNOWN
05-08 01:00:06.288  8552  8552 I HBD     : a currentState : 0
05-08 01:00:06.290  8552  8552 I HBD     : h load selected json path : /data/user/0/com.samsung.android.honeyboard/files/selected.json
05-08 01:00:06.290  8552  8552 I HBD     : h load selected json info : {"version":"1.0","currentLanguageOrder":0,"selected":[{"activeOptionList":["auto_replace","auto_spacing","writing_assistant"],"engName":"English","id":65537,"inputType":"qwerty","isUsed":true},{"activeOptionList":["auto_spacing"],"engName":"Korean","id":4521984,"inputType":"qwerty","isUsed":true},{"activeOptionList":["auto_replace","auto_spacing"],"engName":"Hindi","id":5570560,"inputType":"qwerty","isUsed":true}]}
05-08 01:00:06.291  8552  8552 I HBD     : a [UpdatePolicy] [post] a: 0 cl: 65537 kit: [0/0] vt: 0 ir: 1
05-08 01:00:06.292  5142  5142 I Layer   : id=31592 removeFromCurrentState Surface(name=75ec799 InputMethod)/@0xe9ffe3f - animation-leash of insets_animation#0 (148)
05-08 01:00:06.294  8552  8552 I HBD     : HoneyBoardService [PF_OP][onStartInput]  12517270 ns
05-08 01:00:06.296  5142  5142 D SurfaceFlinger: Display 0 HWC layers:
05-08 01:00:06.296  5142  5142 D SurfaceFlinger:      DEVICE | 0x7b63b75180 | 0102 | RGBA_8888    |    0.0   19.0 1080.0 2340.0 |    0    0 1080 2321 | com.example.mad_toodle/com.example.mad_toodle.HomeActivity$_17561#0
05-08 01:00:06.296  5142  5142 D SurfaceFlinger:  SOLID_COLOR |              | 0000 |  Unknown  |    0.0    0.0    0.0    0.0 |    0    0 1080 2321 | Dim Layer for - ActivityRecord{f4d37[...]Activity t9152 f}} - animating-dim#0
05-08 01:00:06.296  5142  5142 D SurfaceFlinger:      DEVICE | 0x7b63b74500 | 0102 | RGBA_8888    |    0.0    0.0 1080.0 2015.0 |    0  325 1080 2340 | com.example.mad_toodle/com.example.mad_toodle.LoginActivity$_17561#0
05-08 01:00:06.296  5142  5142 D SurfaceFlinger:      DEVICE | 0x7b63abf200 | 0100 | RGBA_8888    |    0.0    0.0 1080.0   78.0 |    0    0 1080   78 | StatusBar$_5955#0
05-08 01:00:06.296  5142  5142 D SurfaceFlinger:      DEVICE | 0x7b63abe1c0 | 0100 | RGBA_8888    |    0.0    0.0   67.0  331.0 |    0 1538   67 1869 | com.samsung.android.app.cocktailbars[...]arservice.CocktailBarService$_7790#0
05-08 01:00:06.296  5142  5142 D SurfaceFlinger:      DEVICE | 0x7b63b757c0 | 0100 | RGBA_8888    |    0.0    0.0  683.0  116.0 |  198 1930  881 2046 | Toast$_5955#0
05-08 01:00:06.296  5142  5142 D SurfaceFlinger:      DEVICE | 0x7b63abdb80 | 0100 | RGBA_8888    |    0.0
05-08 01:00:06.296  5142  5142 D SurfaceFlinger:  0.0 1080.0  126.0 |    0 2214 1080 2340 | NavigationBar0$_5955#0
05-08 01:00:06.296  5142  5142 D SurfaceFlinger:      DEVICE | 0x7b63abdcc0 | 0140 | RGBA_8888    |    0.0    0.0 1080.0  151.0 |    0    0 1080  151 | ScreenDecorOverlay$_5955#0
05-08 01:00:06.296  5142  5142 D SurfaceFlinger:      DEVICE | 0x7b61fc77c0 | 0140 | RGBA_8888    |    0.0    0.0 1080.0  151.0 |    0 2189 1080 2340 | ScreenDecorOverlayBottom$_5955#0
05-08 01:00:06.296  5142  5142 D SurfaceFlinger:
05-08 01:00:06.302  5488  7748 D InputMethodManagerServicePhysicalKey: isConnectedDexOnPC false
05-08 01:00:06.303  5488  7748 D InputMethodManagerService: isImeSwitcherDisabledPackage : false
05-08 01:00:06.304  5142  5420 I SurfaceFlinger: id=31592 Removed Surface(name=75ec799 InputMethod)/@0xe9ffe3f - animation-leash of insets_animation#0 (148)
05-08 01:00:06.305  7790  7790 I Utils   : isCurrentUser current = 0, ownerId = 0
05-08 01:00:06.305  8552  8552 I MSHandlerLifeCycle: isMultiSplitHandlerRequested: ignored. pkg=com.samsung.android.honeyboard isActivity=false callers=com.android.internal.policy.DecorView.setVisibility:4295 android.app.Dialog.hide:741 android.inputmethodservice.InputMethodService.removeImeSurface:1143 android.inputmethodservice.InputMethodService.scheduleImeSurfaceRemoval:1136 android.inputmethodservice.InputMethodService.access$1400:354
05-08 01:00:06.305  8552  8552 I MSHandlerLifeCycle: removeMultiSplitHandler: no exist. decor=DecorView@e7a1bea[InputMethod]
05-08 01:00:06.306  7790  7790 I TrayVisibilityController: getComputedTrayVisible : keyguardState = 1
05-08 01:00:06.306  7790  7790 I TrayVisibilityController: updateTrayVisible: State=1 visible=1 mCurrentVisible=1 specificMode=0
05-08 01:00:06.306  7790  7790 I TrayStateController: onNotifyUpdateTray: state=0
05-08 01:00:06.308 17561 17561 I ViewInteraction: Checking 'MatchesViewAssertion{viewMatcher=(view has effective visibility <VISIBLE> and view.getGlobalVisibleRect() to return non-empty rectangle)}' assertion on view view.getId() is <2131296368/com.example.mad_toodle:id/btnLogin>
05-08 01:00:06.308  5142  5142 E SurfaceFlinger: Attempt to update InputPolicyFlags without permission ACCESS_SURFACE_FLINGER
05-08 01:00:06.309  5142  5142 I Layer   : id=31592 Destroyed Surface(name=75ec799 InputMethod)/@0xe9ffe3f - animation-leash of insets_animation#0
05-08 01:00:06.323 17561 17561 I ViewInteraction: Checking 'MatchesViewAssertion{viewMatcher=(view has effective visibility <VISIBLE> and view.getGlobalVisibleRect() to return non-empty rectangle)}' assertion on view view.getId() is <2131296468/com.example.mad_toodle:id/etEmail>
05-08 01:00:06.325  5142  5142 E SurfaceFlinger: Attempt to update InputPolicyFlags without permission ACCESS_SURFACE_FLINGER
05-08 01:00:06.340 17561 17561 I ViewInteraction: Checking 'MatchesViewAssertion{viewMatcher=(view has effective visibility <VISIBLE> and view.getGlobalVisibleRect() to return non-empty rectangle)}' assertion on view view.getId() is <2131296469/com.example.mad_toodle:id/etPassword>
05-08 01:00:06.342  5142  5142 E SurfaceFlinger: Attempt to update InputPolicyFlags without permission ACCESS_SURFACE_FLINGER
05-08 01:00:06.357 17561 17561 I ViewInteraction: Checking 'MatchesViewAssertion{viewMatcher=an instance of android.widget.TextView and view.getText() with or without transformation to match: is "Login"}' assertion on view view.getId() is <2131296368/com.example.mad_toodle:id/btnLogin>
05-08 01:00:06.358  5142  5142 E SurfaceFlinger: Attempt to update InputPolicyFlags without permission ACCESS_SURFACE_FLINGER
05-08 01:00:06.368  5488  7741 I SemDvfsHyPerManager: acquire hyper - AMS_RESUME_TAIL/5488@14, type = -999
05-08 01:00:06.368  5488  7741 I SemDvfsHyPerManager: acquire hyper - AMS_ACT_LAZY/5488@15, type = -999
05-08 01:00:06.368  5113  5155 I HYPER-HAL: [RequestManager.cpp]acquire(): Acquired ID : 15138767  [5488 / 14]    HINT : AMS_RESUME_TAIL    list :
05-08 01:00:06.371  5113  5155 I HYPER-HAL: [RequestManager.cpp]releaseLocked(): Released ID : 15127762
05-08 01:00:06.375  5142  5142 E SurfaceFlinger: Attempt to update InputPolicyFlags without permission ACCESS_SURFACE_FLINGER
05-08 01:00:06.392  5142  5142 E SurfaceFlinger: Attempt to update InputPolicyFlags without permission ACCESS_SURFACE_FLINGER
05-08 01:00:06.393  5488  6518 I SemDvfsHyPerManager: acquire hyper - AMS_APP_SWITCH/5488@20, type = -999
05-08 01:00:06.394  5113  5155 I HYPER-HAL: [RequestManager.cpp]acquire(): Acquired ID : 15171806  [5488 / 20]    HINT : AMS_APP_SWITCH    list :
05-08 01:00:06.398  7667  7667 I SemDvfsHyPerManager: acquire hyper - APP_START_SHORT/7667@13, type = -999
05-08 01:00:06.398  5113  5155 I HYPER-HAL: [RequestManager.cpp]acquire(): Acquired ID : 29495053  [7667 / 13]    HINT : APP_START    list : [TIMEOUT / 1500]
05-08 01:00:06.396  5142  5205 I SurfaceFlinger: id=31610 createSurf (0x0),-1 flag=24004, Task=9153#0
05-08 01:00:06.408  5142  5420 I SurfaceFlinger: id=31611 createSurf (0x0),-1 flag=80004, ActivityRecord{c199e1c u0 com.example.mad_toodle.test/androidx.test.core.app.InstrumentationActivityInvoker$EmptyActivity t9153}#0
05-08 01:00:06.409  5142  5142 E SurfaceFlinger: Attempt to update InputPolicyFlags without permission ACCESS_SURFACE_FLINGER
05-08 01:00:06.425  5142  5142 E SurfaceFlinger: Attempt to update InputPolicyFlags without permission ACCESS_SURFACE_FLINGER
05-08 01:00:06.428  5488  7741 I SemDvfsHyPerManager: acquire hyper - AMS_APP_LAUNCH/5488@13, type = -999
05-08 01:00:06.428  5113  5155 I HYPER-HAL: [RequestManager.cpp]acquire(): Acquired ID : 15133264  [5488 / 13]    HINT : AMS_APP_LAUNCH    list :
05-08 01:00:06.431  7667  7667 I SemDvfsHyPerManager: acquire hyper - APP_START/7667@14, type = -999
05-08 01:00:06.432  5113  5155 I HYPER-HAL: [RequestManager.cpp]acquire(): Acquired ID : 29502735  [7667 / 14]    HINT : APP_START    list :
05-08 01:00:06.436  5488  7748 D InputTransport: Input channel constructed: '1fdc695', fd=658
05-08 01:00:06.436  5488  7748 D InputTransport: Input channel constructed: '1fdc695', fd=664
05-08 01:00:06.436  5488  7748 D InputTransport: Input channel constructed: '1fdc695', fd=666
05-08 01:00:06.436  5142  5420 I SurfaceFlinger: id=31612 createSurf (0x0),-1 flag=80004, 1fdc695 Splash Screen com.example.mad_toodle.test#0
05-08 01:00:06.437  5488  7748 D InputTransport: Input channel destroyed: '1fdc695', fd=666
05-08 01:00:06.438  5955  6019 I ViewRootImpl@50ba8d7[test]: setView = android.widget.FrameLayout@93b6be2 TM=true
05-08 01:00:06.439 17561 17561 D LifecycleMonitor: Lifecycle status change: com.example.mad_toodle.LoginActivity@6aed316 in: PAUSED
05-08 01:00:06.440 17561 17561 V ActivityScenario: Activity lifecycle changed event received but ignored because the intent does not match. startActivityIntent=Intent { act=android.intent.action.MAIN cat=[android.intent.category.LAUNCHER] flg=0x10008000 cmp=com.example.mad_toodle/.HomeActivity }, activity.getIntent()=Intent { cmp=com.example.mad_toodle/.LoginActivity }, activity=com.example.mad_toodle.LoginActivity@6aed316
05-08 01:00:06.442  5142  5142 E SurfaceFlinger: Attempt to update InputPolicyFlags without permission ACCESS_SURFACE_FLINGER
05-08 01:00:06.459  5142  5142 E SurfaceFlinger: Attempt to update InputPolicyFlags without permission ACCESS_SURFACE_FLINGER
05-08 01:00:06.465  5488  7748 V WindowManager: Relayout Window{1fdc695 u0 Splash Screen com.example.mad_toodle.test}: viewVisibility=0 req=1080x2340 d0
05-08 01:00:06.465  5142  5420 I SurfaceFlinger: id=31613 createSurf (1x1),-3 flag=40004, Splash Screen com.example.mad_toodle.test$_5955#0
05-08 01:00:06.471  5085  5085 D Zygote  : Forked child process 17656
05-08 01:00:06.473  5488  7748 V WindowManager: Relayout hash=1fdc695, pid=5955: mAttrs={(0,0)(fillxfill) sim={adjust=pan} ty=APPLICATION_STARTING fmt=TRANSLUCENT
05-08 01:00:06.473  5488  7748 V WindowManager:   fl=81030118
05-08 01:00:06.473  5488  7748 V WindowManager:   pfl=36000010
05-08 01:00:06.473  5488  7748 V WindowManager:   apr=LIGHT_STATUS_BARS LIGHT_NAVIGATION_BARS
05-08 01:00:06.473  5488  7748 V WindowManager:   bhv=DEFAULT
05-08 01:00:06.473  5488  7748 V WindowManager:   fitSides= naviIconColor=0}
05-08 01:00:06.476  5142  5142 E SurfaceFlinger: Attempt to update InputPolicyFlags without permission ACCESS_SURFACE_FLINGER
05-08 01:00:06.478  5955  6019 I ViewRootImpl@50ba8d7[test]: Relayout returned: old=(0,0,1080,2340) new=(0,0,1080,2340) req=(1080,2340)0 dur=26 res=0x7 s={true 517201158144} ch=true fn=-1
05-08 01:00:06.479  5955  6072 D OpenGLRenderer: eglCreateWindowSurface
05-08 01:00:06.480  5488  7748 D InputDispatcher: Focus left window (0): 608d36b com.example.mad_toodle/com.example.mad_toodle.LoginActivity
05-08 01:00:06.481  5955  6019 I ViewRootImpl@50ba8d7[test]: [DP] dp(1) 0 android.view.ViewRootImpl.reportNextDraw:11442 android.view.ViewRootImpl.performTraversals:4198 android.view.ViewRootImpl.doTraversal:2924
05-08 01:00:06.481  5955  6019 D ViewRootImpl@50ba8d7[test]: Creating frameDrawingCallback nextDrawUseBlastSync=false reportNextDraw=true hasBlurUpdates=false
05-08 01:00:06.481  5955  6019 D ViewRootImpl@50ba8d7[test]: Creating frameCompleteCallback
05-08 01:00:06.482 17561 17561 I ViewRootImpl@8ec3e9d[LoginActivity]: MSG_WINDOW_FOCUS_CHANGED 0 1
05-08 01:00:06.483  5955  6775 D ViewRootImpl@50ba8d7[test]: Received frameDrawingCallback frameNum=1. Creating transactionCompleteCallback=false
05-08 01:00:06.492  5142  5142 E SurfaceFlinger: Attempt to update InputPolicyFlags without permission ACCESS_SURFACE_FLINGER
05-08 01:00:06.498  5955  6072 D ViewRootImpl@50ba8d7[test]: Received frameCompleteCallback  lastAcquiredFrameNum=1 lastAttemptedDrawFrameNum=1
05-08 01:00:06.501  5955  6019 I ViewRootImpl@50ba8d7[test]: [DP] pdf(0) 0 android.view.ViewRootImpl.lambda$addFrameCompleteCallbackIfNeeded$3$ViewRootImpl:5000 android.view.ViewRootImpl$$ExternalSyntheticLambda16.run:6 android.os.Handler.handleCallback:938
