05-08 01:00:06.501  5955  6019 I ViewRootImpl@50ba8d7[test]: [DP] rdf()
05-08 01:00:06.501  5955  6019 D ViewRootImpl@50ba8d7[test]: reportDrawFinished (fn: -1)
05-08 01:00:06.505  5955  5955 D FullscreenTaskListener: Fullscreen Task Appeared: #9153, caller=com.android.wm.shell.ShellTaskOrganizer.onTaskAppeared:387 com.android.wm.shell.ShellTaskOrganizer.onTaskAppeared:376 android.window.TaskOrganizer$1.lambda$onTaskAppeared$4$TaskOrganizer$1:297
05-08 01:00:06.507  5488  5872 D NetdEventListenerService: DNS Requested by : 156, 1000, 0
05-08 01:00:06.509  5142  5142 E SurfaceFlinger: Attempt to update InputPolicyFlags without permission ACCESS_SURFACE_FLINGER
05-08 01:00:06.523 17656 17656 I mad_toodle.tes: Late-enabling -Xcheck:jni
05-08 01:00:06.525  5142  5142 E SurfaceFlinger: Attempt to update InputPolicyFlags without permission ACCESS_SURFACE_FLINGER
05-08 01:00:06.542  5142  5142 I Layer   : id=31598 removeFromCurrentState Surface(name=a940e57 Toast)/@0x4c4a029 - animation-leash of window_animation#0 (151)
05-08 01:00:06.542  5142  5142 E SurfaceFlinger: Attempt to update InputPolicyFlags without permission ACCESS_SURFACE_FLINGER
05-08 01:00:06.543  5142  5142 I SurfaceFlinger: id=31598 Removed Surface(name=a940e57 Toast)/@0x4c4a029 - animation-leash of window_animation#0 (151)
05-08 01:00:06.543  5142  5142 I Layer   : id=31598 Destroyed Surface(name=a940e57 Toast)/@0x4c4a029 - animation-leash of window_animation#0
05-08 01:00:06.553  6447 25033 I RecentModel: onTaskStackChangedBackground
05-08 01:00:06.559  5142  5142 E SurfaceFlinger: Attempt to update InputPolicyFlags without permission ACCESS_SURFACE_FLINGER
05-08 01:00:06.570 17656 17656 I mad_toodle.tes: Using CollectorTypeCC GC.
05-08 01:00:06.576  5142  5142 E SurfaceFlinger: Attempt to update InputPolicyFlags without permission ACCESS_SURFACE_FLINGER
05-08 01:00:06.580  6507  6516 I adbd    : jdwp connection from 17656
05-08 01:00:06.582 17656 17656 E USNET   : USNET: appName: com.example.mad_toodle.test
05-08 01:00:06.590 17656 17656 D ProcessState: Binder ioctl to enable oneway spam detection failed: Invalid argument
05-08 01:00:06.593  5142  5142 E SurfaceFlinger: Attempt to update InputPolicyFlags without permission ACCESS_SURFACE_FLINGER
05-08 01:00:06.593  5142  5142 I Layer   : id=31605 removeFromCurrentState Surface(name=Dim Layer for - ActivityRecord{f4d378e u0 com.example.mad_toodle/.HomeActivity t9152 f}} - animating-dim)/@0xffd90c - animation-leash of dimmer#0 (150)
05-08 01:00:06.593  5142  5142 I SurfaceFlinger: id=31605 Removed Surface(name=Dim Layer for - ActivityRecord{f4d378e u0 com.example.mad_toodle/.HomeActivity t9152 f}} - animating-dim)/@0xffd90c - animation-leash of dimmer#0 (150)
05-08 01:00:06.594 17656 17656 D ActivityThread: setConscryptValidator
05-08 01:00:06.594  5142  5142 I Layer   : id=31605 Destroyed Surface(name=Dim Layer for - ActivityRecord{f4d378e u0 com.example.mad_toodle/.HomeActivity t9152 f}} - animating-dim)/@0xffd90c - animation-leash of dimmer#0
05-08 01:00:06.594 17656 17656 D ActivityThread: setConscryptValidator - put
05-08 01:00:06.609  5142  5142 E SurfaceFlinger: Attempt to update InputPolicyFlags without permission ACCESS_SURFACE_FLINGER
05-08 01:00:06.626  5142  5142 E SurfaceFlinger: Attempt to update InputPolicyFlags without permission ACCESS_SURFACE_FLINGER
05-08 01:00:06.636  5488  7721 D InputDispatcher: Focused application set to (0): c199e1c
05-08 01:00:06.642  5142  5142 E SurfaceFlinger: Attempt to update InputPolicyFlags without permission ACCESS_SURFACE_FLINGER
05-08 01:00:06.649  5142  5142 D SurfaceFlinger: Display 0 HWC layers:
05-08 01:00:06.649  5142  5142 D SurfaceFlinger:      DEVICE | 0x7b63b74500 | 0102 | RGBA_8888    |    0.0    0.0 1080.0 2340.0 |    0    0 1080 2340 | com.example.mad_toodle/com.example.mad_toodle.LoginActivity$_17561#0
05-08 01:00:06.649  5142  5142 D SurfaceFlinger:      DEVICE | 0x7b63abf200 | 0100 | RGBA_8888    |    0.0    0.0 1080.0   78.0 |    0    0 1080   78 | StatusBar$_5955#0
05-08 01:00:06.649  5142  5142 D SurfaceFlinger:      DEVICE | 0x7b63abe1c0 | 0100 | RGBA_8888    |    0.0    0.0   67.0  331.0 |    0 1538   67 1869 | com.samsung.android.app.cocktailbars[...]arservice.CocktailBarService$_7790#0
05-08 01:00:06.649  5142  5142 D SurfaceFlinger:      DEVICE | 0x7b63b757c0 | 0100 | RGBA_8888    |    0.0    0.0  683.0  116.0 |  198 1930  881 2046 | Toast$_5955#0
05-08 01:00:06.649  5142  5142 D SurfaceFlinger:      DEVICE | 0x7b63abdb80 | 0100 | RGBA_8888    |    0.0    0.0 1080.0  126.0 |    0 2214 1080 2340 | NavigationBar0$_5955#0
05-08 01:00:06.649  5142  5142 D SurfaceFlinger:      DEVICE | 0x7b63abdcc0 | 0140 | RGBA_8888    |    0.0    0.0 1080.0  151.0 |    0    0 1080  151 | ScreenDecorOverlay$_5955#0
05-08 01:00:06.649  5142  5142 D SurfaceFlinger:      DEVICE | 0x7b61fc77c0 | 0140 | RGBA_8888    |    0.0    0.0 1080.0  151.0 |    0 2189 1080 2340 | ScreenDecorOverlayBottom$_5955#0
05-08 01:00:06.649  5142  5142 D SurfaceFlinger:
05-08 01:00:06.653 17656 17656 D CompatibilityChangeReporter: Compat change id reported: 171979766; UID 12345; state: ENABLED
05-08 01:00:06.657  5142  5736 I SurfaceFlinger: id=31614 createSurf (0x0),-1 flag=24000, Surface(name=ba6b7dd StatusBar)/@0x5e7fe9b - animation-leash of insets_animation#0
05-08 01:00:06.658  5142  5736 I SurfaceFlinger: id=31615 createSurf (0x0),-1 flag=24000, Surface(name=ab5285f NavigationBar0)/@0xe452fcc - animation-leash of insets_animation#1
05-08 01:00:06.663 17561 17561 W LOTTIE  : Animation contains merge paths but they are disabled.
05-08 01:00:06.676  5142  5142 I Layer   : id=31601 removeFromCurrentState Surface(name=ba6b7dd StatusBar)/@0x5e7fe9b - animation-leash of insets_animation#1 (151)
05-08 01:00:06.676  5142  5142 I Layer   : id=31602 removeFromCurrentState Surface(name=ab5285f NavigationBar0)/@0xe452fcc - animation-leash of insets_animation#0 (151)
05-08 01:00:06.678  5955  6019 D InsetsSourceConsumer: ensureControlAlpha: for ITYPE_NAVIGATION_BAR on Splash Screen com.example.mad_toodle.test
05-08 01:00:06.682  5955  6019 D InsetsSourceConsumer: ensureControlAlpha: for ITYPE_STATUS_BAR on Splash Screen com.example.mad_toodle.test
05-08 01:00:06.683  7790  7790 I Utils   : HomePackage : com.sec.android.app.launcher, resumePackageName : com.example.mad_toodle.test
05-08 01:00:06.683 17656 17656 D ApplicationLoaders: Returning zygote-cached class loader: /system/framework/android.test.base.jar
05-08 01:00:06.693 17656 17656 D nativeloader: Configuring clns-4 for other apk /system/framework/android.test.mock.jar. target_sdk_version=35, uses_libraries=ALL, library_path=/data/app/~~Uge1OlUWoli78wMaE4q3vA==/com.example.mad_toodle.test-rYfdJh64oP4ENo6d9nDRYQ==/lib/arm64, permitted_path=/data:/mnt/expand:/data/user/0/com.example.mad_toodle.test
05-08 01:00:06.693 17656 17656 D nativeloader: Extending system_exposed_libraries: libperfsdk.performance.samsung.so:libss_jni.securestorage.samsung.so:libteecl.teegris.samsung.so:libSFEffect.fonteffect.samsung.so:libSDKRecognitionText.spensdk.samsung.so:libSEF.quram.so:libimagecodec.quram.so:libagifencoder.quram.so:libneural.snap.samsung.so:libsnap_hidl.snap.samsung.so:libhumantracking.arcsoft.so:libPortraitDistortionCorrection.arcsoft.so:libPortraitDistortionCorrectionCali.arcsoft.so:libface_landmark.arcsoft.so:libFacialStickerEngine.arcsoft.so:libveengine.arcsoft.so:liblow_light_hdr.arcsoft.so:libhigh_dynamic_range.arcsoft.so:libFacialAttributeDetection.arcsoft.so:libheifcapture_jni.media.samsung.so:libjpegsq.media.samsung.so:libsemimagecrop_jni.media.samsung.so:libBeauty_v4.camera.samsung.so:libexifa.camera.samsung.so:libjpega.camera.samsung.so:libOpenCv.camera.samsung.so:libImageScreener.camera.samsung.so:libMyFilter.camera.samsung.so:libtensorflowLite.myfilter.camera.samsung.so:libtensorflowlite_inference_api.myfilter.camera.samsung.so:libEventFind
05-08 01:00:06.693  5142  5142 I Layer   : id=31603 removeFromCurrentState Surface(name=ActivityRecord{f4d378e u0 com.example.mad_toodle/.HomeActivity t9152})/@0x61159e - animation-leash of app_transition#0 (151)
05-08 01:00:06.693  5142  5142 I Layer   : id=31604 removeFromCurrentState Dim Layer for - ActivityRecord{f4d378e u0 com.example.mad_toodle/.HomeActivity t9152 f}} - animating-dim#0 (151)
05-08 01:00:06.694  5142  5142 I Layer   : id=31606 removeFromCurrentState Surface(name=ActivityRecord{f4d378e u0 com.example.mad_toodle/.HomeActivity t9152})/@0x61159e - animation-bounds#0 (151)
05-08 01:00:06.694  5142  5142 I Layer   : id=31607 removeFromCurrentState Surface(name=ActivityRecord{be63f1 u0 com.example.mad_toodle/.LoginActivity t9152})/@0xf863da4 - animation-leash of app_transition#0 (151)
05-08 01:00:06.695  5142  5142 I Layer   : id=31608 removeFromCurrentState Surface(name=ActivityRecord{be63f1 u0 com.example.mad_toodle/.LoginActivity t9152})/@0xf863da4 - animation-bounds#0 (151)
05-08 01:00:06.695  5142  5142 I SurfaceFlinger: id=31603 Removed Surface(name=ActivityRecord{f4d378e u0 com.example.mad_toodle/.HomeActivity t9152})/@0x61159e - animation-leash of app_transition#0 (151)
05-08 01:00:06.695  5142  5142 I SurfaceFlinger: id=31604 Removed Dim Layer for - ActivityRecord{f4d378e u0 com.example.mad_toodle/.HomeActivity t9152 f}} - animating-dim#0 (151)
05-08 01:00:06.695  5142  5142 I SurfaceFlinger: id=31606 Removed Surface(name=ActivityRecord{f4d378e u0 com.example.mad_toodle/.HomeActivity t9152})/@0x61159e - animation-bounds#0 (151)
05-08 01:00:06.695  5142  5142 I SurfaceFlinger: id=31607 Removed Surface(name=ActivityRecord{be63f1 u0 com.example.mad_toodle/.LoginActivity t9152})/@0xf863da4 - animation-leash of app_transition#0 (151)
05-08 01:00:06.696  5142  5142 I SurfaceFlinger: id=31608 Removed Surface(name=ActivityRecord{be63f1 u0 com.example.mad_toodle/.LoginActivity t9152})/@0xf863da4 - animation-bounds#0 (151)
05-08 01:00:06.696 17656 17656 D ApplicationLoaders: Returning zygote-cached class loader: /system/framework/android.test.base.jar
05-08 01:00:06.696  5142  5142 I Layer   : id=31604 Destroyed Dim Layer for - ActivityRecord{f4d378e u0 com.example.mad_toodle/.HomeActivity t9152 f}} - animating-dim#0
05-08 01:00:06.697  5142  5142 I Layer   : id=31606 Destroyed Surface(name=ActivityRecord{f4d378e u0 com.example.mad_toodle/.HomeActivity t9152})/@0x61159e - animation-bounds#0
05-08 01:00:06.697  5142  5142 I Layer   : id=31603 Destroyed Surface(name=ActivityRecord{f4d378e u0 com.example.mad_toodle/.HomeActivity t9152})/@0x61159e - animation-leash of app_transition#0
05-08 01:00:06.697  5142  5142 I Layer   : id=31608 Destroyed Surface(name=ActivityRecord{be63f1 u0 com.example.mad_toodle/.LoginActivity t9152})/@0xf863da4 - animation-bounds#0
05-08 01:00:06.697  5142  5142 I Layer   : id=31607 Destroyed Surface(name=ActivityRecord{be63f1 u0 com.example.mad_toodle/.LoginActivity t9152})/@0xf863da4 - animation-leash of app_transition#0
05-08 01:00:06.700  5488  6964 I MediaSessionMonitor: Media session stopped : controllerList empty
05-08 01:00:06.703 17656 17656 D nativeloader: Configuring clns-5 for other apk /system/framework/android.test.runner.jar. target_sdk_version=35, uses_libraries=ALL, library_path=/data/app/~~Uge1OlUWoli78wMaE4q3vA==/com.example.mad_toodle.test-rYfdJh64oP4ENo6d9nDRYQ==/lib/arm64, permitted_path=/data:/mnt/expand:/data/user/0/com.example.mad_toodle.test
05-08 01:00:06.703 17656 17656 D nativeloader: Extending system_exposed_libraries: libperfsdk.performance.samsung.so:libss_jni.securestorage.samsung.so:libteecl.teegris.samsung.so:libSFEffect.fonteffect.samsung.so:libSDKRecognitionText.spensdk.samsung.so:libSEF.quram.so:libimagecodec.quram.so:libagifencoder.quram.so:libneural.snap.samsung.so:libsnap_hidl.snap.samsung.so:libhumantracking.arcsoft.so:libPortraitDistortionCorrection.arcsoft.so:libPortraitDistortionCorrectionCali.arcsoft.so:libface_landmark.arcsoft.so:libFacialStickerEngine.arcsoft.so:libveengine.arcsoft.so:liblow_light_hdr.arcsoft.so:libhigh_dynamic_range.arcsoft.so:libFacialAttributeDetection.arcsoft.so:libheifcapture_jni.media.samsung.so:libjpegsq.media.samsung.so:libsemimagecrop_jni.media.samsung.so:libBeauty_v4.camera.samsung.so:libexifa.camera.samsung.so:libjpega.camera.samsung.so:libOpenCv.camera.samsung.so:libImageScreener.camera.samsung.so:libMyFilter.camera.samsung.so:libtensorflowLite.myfilter.camera.samsung.so:libtensorflowlite_inference_api.myfilter.camera.samsung.so:libEventFind
05-08 01:00:06.704 20417 20662 I Rubin   : [178] LoggingEventHelper.notifyUpdatedWithValue(:1) : Notify AppUsageLogger's database is updated.
05-08 01:00:06.704  5955  5955 D NavigationBar: onSystemBarAttributesChanged() -  displayId:0, appearance:24 (APPEARANCE_LIGHT_STATUS_BARS APPEARANCE_LIGHT_NAVIGATION_BARS ), navbarColorManagedByIme:false
05-08 01:00:06.705  5955  5955 V Navbar.Store: handleEvent [EventType] GET_BOOL_REGION_SAMPLING_ENABLED [Module] LightBarController  KEYS_DEFAULT=false
05-08 01:00:06.705  5955  5955 V Navbar.Store: --[Band]COLOR_PACK_GET_REGION_SAMPLING_ENABLED
05-08 01:00:06.705  5955  5955 V Navbar.Store: ----getValue(BOOL_REGION_SAMPLING_ENABLED)=false
05-08 01:00:06.706  5142  5142 D SurfaceFlinger: Display 0 HWC layers:
05-08 01:00:06.706  5142  5142 D SurfaceFlinger:      DEVICE | 0x7b63b77980 | 0100 | RGBA_8888    |    0.0    0.0 1080.0 2340.0 |    0    0 1080 2340 | Splash Screen com.example.mad_toodle.test$_5955#0
05-08 01:00:06.706  5142  5142 D SurfaceFlinger:      DEVICE | 0x7b63abf200 | 0100 | RGBA_8888    |    0.0    0.0 1080.0   78.0 |    0    0 1080   78 | StatusBar$_5955#0
05-08 01:00:06.706  5142  5142 D SurfaceFlinger:      DEVICE | 0x7b63abe1c0 | 0100 | RGBA_8888    |    0.0    0.0   67.0  331.0 |    0 1538   67 1869 | com.samsung.android.app.cocktailbars[...]arservice.CocktailBarService$_7790#0
05-08 01:00:06.706  5142  5142 D SurfaceFlinger:      DEVICE | 0x7b63b757c0 | 0100 | RGBA_8888    |    0.0    0.0  683.0  116.0 |  198 1930  881 2046 | Toast$_5955#0
05-08 01:00:06.706  5142  5142 D SurfaceFlinger:      DEVICE | 0x7b63abdb80 | 0100 | RGBA_8888    |    0.0    0.0 1080.0  126.0 |    0 2214 1080 2340 | NavigationBar0$_5955#0
05-08 01:00:06.706  5142  5142 D SurfaceFlinger:      DEVICE | 0x7b63abdcc0 | 0140 | RGBA_8888    |    0.0    0.0 1080.0  151.0 |    0    0 1080  151 | ScreenDecorOverlay$_5955#0
05-08 01:00:06.706  5142  5142 D SurfaceFlinger:      DEVICE | 0x7b61fc77c0 | 0140 | RGBA_8888    |    0.0    0.0 1080.0  151.0 |    0 2189 1080 2340 | ScreenDecorOverlayBottom$_5955#0
05-08 01:00:06.706  5142  5142 D SurfaceFlinger:
05-08 01:00:06.706 17656 17656 W ziparchive: Unable to open '/data/app/~~Uge1OlUWoli78wMaE4q3vA==/com.example.mad_toodle.test-rYfdJh64oP4ENo6d9nDRYQ==/base.dm': No such file or directory
05-08 01:00:06.706 17656 17656 W ziparchive: Unable to open '/data/app/~~Uge1OlUWoli78wMaE4q3vA==/com.example.mad_toodle.test-rYfdJh64oP4ENo6d9nDRYQ==/base.dm': No such file or directory
05-08 01:00:06.713  5955  5955 D SecLightBarControlHelper: updateStatus(BLACK icon) NumLightStacks:1, NumStacks:1, IndexLightStack:0, StatusBarMode:0, StatusBarState:SHD, NeedDarkFontFromWallpaper:false, isWhiteKeyguardStatusBarBySettings:false
05-08 01:00:06.728  5488  7741 V WindowManager: Relayout Window{b80adf0 u0 NotificationShade}: viewVisibility=4 req=1080x2340 d0
05-08 01:00:06.733 17656 17656 D nativeloader: Configuring clns-6 for other apk /data/app/~~Uge1OlUWoli78wMaE4q3vA==/com.example.mad_toodle.test-rYfdJh64oP4ENo6d9nDRYQ==/base.apk. target_sdk_version=35, uses_libraries=, library_path=/data/app/~~Uge1OlUWoli78wMaE4q3vA==/com.example.mad_toodle.test-rYfdJh64oP4ENo6d9nDRYQ==/lib/arm64, permitted_path=/data:/mnt/expand:/data/user/0/com.example.mad_toodle.test
05-08 01:00:06.735  5488  7741 V WindowManager: Relayout hash=b80adf0, pid=5955: mAttrs={(0,0)(fillxfill) gr=TOP CENTER_VERTICAL sim={adjust=resize} layoutInDisplayCutoutMode=always ty=2040 fmt=TRANSLUCENT
05-08 01:00:06.735  5488  7741 V WindowManager:   fl=81840048
05-08 01:00:06.735  5488  7741 V WindowManager:   pfl=1b000000
05-08 01:00:06.735  5488  7741 V WindowManager:   vsysui=2000
05-08 01:00:06.735  5488  7741 V WindowManager:   apr=LIGHT_STATUS_BARS
05-08 01:00:06.735  5488  7741 V WindowManager:   bhv=SHOW_TRANSIENT_BARS_BY_SWIPE naviIconColor=0
05-08 01:00:06.735  5488  7741 V WindowManager:   sfl=42000}
05-08 01:00:06.736 20417 20662 I Rubin   : [178] ExercisingWithCmhMonitor.isSatisfiedByCmh(:6) : isSatisfiedByCmh is false
05-08 01:00:06.749  5955  5955 I ViewRootImpl@d19f614[NotificationShade]: Relayout returned: old=(0,0,1080,2340) new=(0,0,1080,2340) req=(1080,2340)4 dur=21 res=0x1 s={false 0} ch=false fn=-1
05-08 01:00:06.752  5955  5955 D KeyguardBottomAreaShortcutView: updateCameraVisibility isCameraDisabled:false visible:true
05-08 01:00:06.752  5955  5955 D KeyguardBottomAreaShortcutView: mIndicationArea margin start : 163, end : 163, bottom : 150
05-08 01:00:06.752 17656 17656 V GraphicsEnvironment: ANGLE Developer option for 'com.example.mad_toodle.test' set to: 'default'
05-08 01:00:06.753 17656 17656 V GraphicsEnvironment: Neither updatable production driver nor prerelease driver is supported.
05-08 01:00:06.753  5955  5955 D QS      : setQSExpansion 0.0 -115.850006
05-08 01:00:06.754  5955  5955 D QS      : setQSExpansion 0.0 -115.850006
05-08 01:00:06.754  5955  5955 W LooperSlow: RunCallback: type=3, action=android.view.ViewRootImpl$TraversalRunnable@66164cb, token=null, latencyMillis=41, dur=32ms
05-08 01:00:06.759 17656 17656 D NetworkSecurityConfig: No Network Security Config specified, using platform default
05-08 01:00:06.767  5955  5955 D IndicatorGardenInputProperty: updateRotation() prv:-1 >> new:0
05-08 01:00:06.768  5955  5955 D DeviceState: getDeviceResolutionPixelSize - currentDensity = 420 deviceDensity = 420 initialDisplaySizeFactor = 1080 currentDisplaySizeFactor = 1080 initialDisplayDensity = 420 proportionalDensity = 420 proportionalPixel = 0
05-08 01:00:06.768  5955  5955 D DeviceState: getDeviceResolutionPixelSize - currentDensity = 420 deviceDensity = 420 initialDisplaySizeFactor = 1080 currentDisplaySizeFactor = 1080 initialDisplayDensity = 420 proportionalDensity = 420 proportionalPixel = 0
05-08 01:00:06.768  5955  5955 D DeviceState: getDeviceResolutionPixelSize - currentDensity = 420 deviceDensity = 420 initialDisplaySizeFactor = 1080 currentDisplaySizeFactor = 1080 initialDisplayDensity = 420 proportionalDensity = 420 proportionalPixel = 0
05-08 01:00:06.768  5955  5955 E IndicatorGardenAlgorithmBasicCutout: NOT MATCH !!!! resourceHeight:78, cutoutHeight:83 ([IndicatorGardenInputProperty]  Rotation(0-0,90-1,180-2,270-3)0, Density:2.625, ScreenWidthSize:1080, CoverSidePadding:0, mIndicatorGardenCenterOffset:11, mCameraCutoutCropSize:80, mGardenPaddingStart:21, mIndicatorCornerPadding:0, mCameraSidePadding:0, mCameraTopMargin:0, DpCutout:DisplayCutout{insets=Rect(0, 83 - 0, 0) waterfall=Insets{left=0, top=0, right=0, bottom=0} boundingRect={Bounds=[Rect(0, 0 - 0, 0), Rect(443, 0 - 637, 83), Rect(0, 0 - 0, 0), Rect(0, 0 - 0, 0)]} cutoutPathParserInfo={CutoutPathParserInfo{displayWidth=1080 displayHeight=2340 density={2.625} cutoutSpec={M36.95,0C26.35,0,24.15,3.8,23.15,9.8 l-0.1,0.7c-1.7,9.6-9.3,17.2-18.9,18.9c-12.7,2.2-24.8-6.2-27-18.9 c0,0-0.1-0.7-0.1-0.7C-24.15,3.8,-26.25,0,-36.95,0Z @dp} rotation={0} scale={1.0}}}})
05-08 01:00:06.769  5955  5955 E IndicatorGardenAlgorithmBasicCutout: NOT MATCH !!!! resourceHeight:78, cutoutHeight:83 ([IndicatorGardenInputProperty]  Rotation(0-0,90-1,180-2,270-3)0, Density:2.625, ScreenWidthSize:1080, CoverSidePadding:0, mIndicatorGardenCenterOffset:11, mCameraCutoutCropSize:80, mGardenPaddingStart:21, mIndicatorCornerPadding:0, mCameraSidePadding:0, mCameraTopMargin:0, DpCutout:DisplayCutout{insets=Rect(0, 83 - 0, 0) waterfall=Insets{left=0, top=0, right=0, bottom=0} boundingRect={Bounds=[Rect(0, 0 - 0, 0), Rect(443, 0 - 637, 83), Rect(0, 0 - 0, 0), Rect(0, 0 - 0, 0)]} cutoutPathParserInfo={CutoutPathParserInfo{displayWidth=1080 displayHeight=2340 density={2.625} cutoutSpec={M36.95,0C26.35,0,24.15,3.8,23.15,9.8 l-0.1,0.7c-1.7,9.6-9.3,17.2-18.9,18.9c-12.7,2.2-24.8-6.2-27-18.9 c0,0-0.1-0.7-0.1-0.7C-24.15,3.8,-26.25,0,-36.95,0Z @dp} rotation={0} scale={1.0}}}})
05-08 01:00:06.854 17656 17656 D NetworkSecurityConfig: No Network Security Config specified, using platform default
05-08 01:00:06.859  5142  5735 I SurfaceFlinger: id=31602 Removed Surface(name=ab5285f NavigationBar0)/@0xe452fcc - animation-leash of insets_animation#0 (146)
05-08 01:00:06.859  5142  5205 I SurfaceFlinger: id=31601 Removed Surface(name=ba6b7dd StatusBar)/@0x5e7fe9b - animation-leash of insets_animation#1 (146)
05-08 01:00:06.860  5142  5142 E SurfaceFlinger: Attempt to update InputPolicyFlags without permission ACCESS_SURFACE_FLINGER
05-08 01:00:06.860 17561 17561 I ViewRootImpl@f94d5c4[HomeActivity]: handleAppVisibility mAppVisible=true visible=false
05-08 01:00:06.860  5142  5142 I Layer   : id=31601 Destroyed Surface(name=ba6b7dd StatusBar)/@0x5e7fe9b - animation-leash of insets_animation#1
05-08 01:00:06.860 17561 17561 I ViewRootImpl@8ec3e9d[LoginActivity]: handleAppVisibility mAppVisible=true visible=false
05-08 01:00:06.860  5142  5142 I Layer   : id=31602 Destroyed Surface(name=ab5285f NavigationBar0)/@0xe452fcc - animation-leash of insets_animation#0
05-08 01:00:06.876 17656 17679 D OpenGLRenderer: RenderThread::requireGlContext()
05-08 01:00:06.894  5488  5858 W SemWifiTransportLayerUtils: getApplicationCategory - IOException com.example.mad_toodle.test
05-08 01:00:06.895  5488  5858 W System.err: java.io.FileNotFoundException: https://play.google.com/store/apps/details?id=com.example.mad_toodle.test&hl=en
05-08 01:00:06.895  5488  5858 W System.err: 	at com.android.okhttp.internal.huc.HttpURLConnectionImpl.getInputStream(HttpURLConnectionImpl.java:255)
05-08 01:00:06.895  5488  5858 W System.err: 	at com.android.okhttp.internal.huc.DelegatingHttpsURLConnection.getInputStream(DelegatingHttpsURLConnection.java:211)
05-08 01:00:06.895  5488  5858 W System.err: 	at com.android.okhttp.internal.huc.HttpsURLConnectionImpl.getInputStream(HttpsURLConnectionImpl.java:30)
05-08 01:00:06.895  5488  5858 W System.err: 	at com.samsung.android.server.wifi.tcp.SemWifiTransportLayerUtils.getApplicationCategory(SemWifiTransportLayerUtils.java:104)
05-08 01:00:06.895  5488  5858 W System.err: 	at com.samsung.android.server.wifi.tcp.SemWifiTransportLayerMonitor$TcpMonitorHandler.handleMessage(SemWifiTransportLayerMonitor.java:244)
05-08 01:00:06.895  5488  5858 W System.err: 	at android.os.Handler.dispatchMessage(Handler.java:106)
05-08 01:00:06.895  5488  5858 W System.err: 	at android.os.Looper.loopOnce(Looper.java:226)
05-08 01:00:06.895  5488  5858 W System.err: 	at android.os.Looper.loop(Looper.java:313)
05-08 01:00:06.895  5488  5858 W System.err: 	at android.os.HandlerThread.run(HandlerThread.java:67)
05-08 01:00:06.895  5488  5858 D SemWifiTransportLayerMonitor.TcpMonitorHandler: MSG_SAVE_PACKAGE_INFO
05-08 01:00:06.896  5488  5858 D SemWifiTransportLayerFileManager: saveWifiPackageInfoToFile
05-08 01:00:06.896  5488  5858 D SemWifiTransportLayerFileManager: writeWifiPackageInfoList
05-08 01:00:06.908 17561 17604 D OpenGLRenderer: setSurface called with nullptr
05-08 01:00:06.908 17561 17604 D OpenGLRenderer: setSurface() destroyed EGLSurface
05-08 01:00:06.908 17561 17604 D OpenGLRenderer: destroyEglSurface
05-08 01:00:06.910  5142  5142 E SurfaceFlinger: Attempt to update InputPolicyFlags without permission ACCESS_SURFACE_FLINGER
05-08 01:00:06.913  5488  7721 V WindowManager: Relayout Window{c4bda08 u0 com.example.mad_toodle/com.example.mad_toodle.HomeActivity}: viewVisibility=8 req=1080x2340 d0
05-08 01:00:06.913 17656 17679 D OpenGLRenderer: RenderThread::setGrContext()
05-08 01:00:06.918  5488  7721 V WindowManager: Relayout hash=c4bda08, pid=17561: mAttrs={(0,0)(fillxfill) sim={adjust=pan forwardNavigation} ty=BASE_APPLICATION wanim=0x1030303
05-08 01:00:06.918  5488  7721 V WindowManager:   fl=85810100
05-08 01:00:06.918  5488  7721 V WindowManager:   pfl=12020040
05-08 01:00:06.918  5488  7721 V WindowManager:   vsysui=500
05-08 01:00:06.918  5488  7721 V WindowManager:   bhv=DEFAULT
05-08 01:00:06.918  5488  7721 V WindowManager:   fitSides= naviIconColor=0}
05-08 01:00:06.921 17561 17561 I ViewRootImpl@f94d5c4[HomeActivity]: Relayout returned: old=(0,0,1080,2340) new=(0,0,1080,2340) req=(1080,2340)8 dur=7 res=0x5 s={false 0} ch=true fn=27
05-08 01:00:06.922 17561 17604 D OpenGLRenderer: setSurface called with nullptr
05-08 01:00:06.922 17561 17604 D OpenGLRenderer: setSurface() destroyed EGLSurface
05-08 01:00:06.922 17561 17604 D OpenGLRenderer: destroyEglSurface
05-08 01:00:06.923 17656 17656 I DecorView: [INFO] isPopOver=false, config=true
05-08 01:00:06.923 17656 17656 I DecorView: updateCaptionType >> DecorView@4908257[], isFloating=false, isApplication=true, hasWindowControllerCallback=true, hasWindowDecorCaption=false
05-08 01:00:06.923 17656 17656 D DecorView: setCaptionType = 0, this = DecorView@4908257[]
05-08 01:00:06.925  5488  7721 V WindowManager: Relayout Window{608d36b u0 com.example.mad_toodle/com.example.mad_toodle.LoginActivity}: viewVisibility=8 req=1080x2340 d0
05-08 01:00:06.929  5488  7721 V WindowManager: Relayout hash=608d36b, pid=17561: mAttrs={(0,0)(fillxfill) sim={adjust=pan forwardNavigation} ty=BASE_APPLICATION wanim=0x1030303
05-08 01:00:06.929  5488  7721 V WindowManager:   fl=85810100
05-08 01:00:06.929  5488  7721 V WindowManager:   pfl=12020040
05-08 01:00:06.929  5488  7721 V WindowManager:   vsysui=500
05-08 01:00:06.929  5488  7721 V WindowManager:   bhv=DEFAULT
05-08 01:00:06.929  5488  7721 V WindowManager:   fitSides= naviIconColor=0}
05-08 01:00:06.933 17561 17561 I ViewRootImpl@8ec3e9d[LoginActivity]: Relayout returned: old=(0,0,1080,2340) new=(0,0,1080,2340) req=(1080,2340)8 dur=6 res=0x5 s={false 0} ch=true fn=25
05-08 01:00:06.934 17656 17656 I DecorView: getCurrentDensityDpi: from real metrics. densityDpi=420 msg=resources_loaded
05-08 01:00:06.946 17656 17656 I MSHandlerLifeCycle: isMultiSplitHandlerRequested: ignored. pkg=com.example.mad_toodle.test parent=null callers=com.android.internal.policy.DecorView.setVisibility:4295 android.app.ActivityThread.handleResumeActivity:5383 android.app.servertransaction.ResumeActivityItem.execute:54 android.app.servertransaction.ActivityTransactionItem.execute:45 android.app.servertransaction.TransactionExecutor.executeLifecycleState:176
05-08 01:00:06.946 17656 17656 I MSHandlerLifeCycle: removeMultiSplitHandler: no exist. decor=DecorView@4908257[]
05-08 01:00:06.963  5488  7741 D InputTransport: Input channel constructed: '2012562', fd=686
05-08 01:00:06.963  5488  7741 D InputTransport: Input channel constructed: '2012562', fd=691
05-08 01:00:06.963  5488  7741 D InputTransport: Input channel constructed: '2012562', fd=709
05-08 01:00:06.965  5142  5205 I SurfaceFlinger: id=31616 createSurf (0x0),-1 flag=80004, 2012562 com.example.mad_toodle.test/androidx.test.core.app.InstrumentationActivityInvoker$EmptyActivity#0
05-08 01:00:06.967  5488  7741 D InputTransport: Input channel destroyed: '2012562', fd=709
05-08 01:00:06.971 17656 17656 I ViewRootImpl@4b0ecf3[InstrumentationActivityInvoker$EmptyActivity]: setView = com.android.internal.policy.DecorView@4908257 TM=true
05-08 01:00:06.973 17656 17656 I MSHandlerLifeCycle: isMultiSplitHandlerRequested: windowingMode=1 isFullscreen=true isPopOver=false isHidden=false skipActivityType=false isHandlerType=true this: DecorView@4908257[InstrumentationActivityInvoker$EmptyActivity]
05-08 01:00:06.974 17656 17656 I MSHandlerLifeCycle: removeMultiSplitHandler: no exist. decor=DecorView@4908257[InstrumentationActivityInvoker$EmptyActivity]
05-08 01:00:06.983  7790  7790 I Utils   : isCurrentUser current = 0, ownerId = 0
05-08 01:00:06.984  7790  7790 I TrayVisibilityController: getComputedTrayVisible : keyguardState = 1
05-08 01:00:06.984  7790  7790 I TrayVisibilityController: updateTrayVisible: State=1 visible=1 mCurrentVisible=1 specificMode=0
05-08 01:00:06.984  7790  7790 I TrayStateController: onNotifyUpdateTray: state=0
05-08 01:00:06.994  5488  7741 V WindowManager: Relayout Window{2012562 u0 com.example.mad_toodle.test/androidx.test.core.app.InstrumentationActivityInvoker$EmptyActivity}: viewVisibility=0 req=1080x2340 d0
05-08 01:00:06.995  5142  5735 I SurfaceFlinger: id=31617 createSurf (1x1),-3 flag=40004, com.example.mad_toodle.test/androidx.test.core.app.InstrumentationActivityInvoker$EmptyActivity$_17656#0
05-08 01:00:06.999  5142  5735 I SurfaceFlinger: id=31618 createSurf (0x0),-1 flag=24000, Surface(name=ba6b7dd StatusBar)/@0x5e7fe9b - animation-leash of insets_animation#1
05-08 01:00:07.001  5142  5735 I SurfaceFlinger: id=31619 createSurf (0x0),-1 flag=24000, Surface(name=ab5285f NavigationBar0)/@0xe452fcc - animation-leash of insets_animation#0
05-08 01:00:07.002  5955  5955 D NavigationBar: onSystemBarAttributesChanged() -  displayId:0, appearance:16 (APPEARANCE_LIGHT_NAVIGATION_BARS ), navbarColorManagedByIme:false
05-08 01:00:07.002  5488  7741 V WindowManager: Relayout hash=2012562, pid=17656: mAttrs={(0,0)(fillxfill) sim={adjust=pan forwardNavigation} ty=BASE_APPLICATION
05-08 01:00:07.002  5488  7741 V WindowManager:   fl=81810100
05-08 01:00:07.002  5488  7741 V WindowManager:   pfl=12020040
05-08 01:00:07.002  5488  7741 V WindowManager:   bhv=DEFAULT
05-08 01:00:07.002  5488  7741 V WindowManager:   fitSides= naviIconColor=0}
05-08 01:00:07.005  5142  5735 W ServiceManager: Permission failure: android.permission.ACCESS_SURFACE_FLINGER from uid=12345 pid=17656
05-08 01:00:07.005  5142  5735 D PermissionCache: checking android.permission.ACCESS_SURFACE_FLINGER for uid=12345 => denied (510 us)
05-08 01:00:07.006  5142  5735 W ServiceManager: Permission failure: android.permission.ROTATE_SURFACE_FLINGER from uid=12345 pid=17656
05-08 01:00:07.006  5142  5735 D PermissionCache: checking android.permission.ROTATE_SURFACE_FLINGER for uid=12345 => denied (290 us)
05-08 01:00:07.011 17656 17656 I ViewRootImpl@4b0ecf3[InstrumentationActivityInvoker$EmptyActivity]: Relayout returned: old=(0,0,1080,2340) new=(0,0,1080,2340) req=(1080,2340)0 dur=11 res=0x7 s={true 519410438144} ch=true fn=-1
05-08 01:00:07.014  5103  6767 I display : getColorModes:: is not supported
05-08 01:00:07.015  5103  6767 I display : getColorModes:: is not supported
05-08 01:00:07.015  5142  5205 E HWComposer: getSupportedContentTypes: getSupportedContentTypes failed for display 0: Unsupported (8)
05-08 01:00:07.016 17656 17679 D hw-ProcessState: Binder ioctl to enable oneway spam detection failed: Invalid argument
05-08 01:00:07.016 17656 17656 I ViewRootImpl@4b0ecf3[InstrumentationActivityInvoker$EmptyActivity]: [DP] dp(1) 1 android.view.ViewRootImpl.reportNextDraw:11442 android.view.ViewRootImpl.performTraversals:4198 android.view.ViewRootImpl.doTraversal:2924
05-08 01:00:07.016 17656 17656 D ViewRootImpl@4b0ecf3[InstrumentationActivityInvoker$EmptyActivity]: Creating frameDrawingCallback nextDrawUseBlastSync=false reportNextDraw=true hasBlurUpdates=false
05-08 01:00:07.016 17656 17679 D OpenGLRenderer: eglCreateWindowSurface
05-08 01:00:07.017 17656 17656 D ViewRootImpl@4b0ecf3[InstrumentationActivityInvoker$EmptyActivity]: Creating frameCompleteCallback
05-08 01:00:07.018  4240  4240 I hwservicemanager: getTransport: Cannot find entry android.hardware.graphics.mapper@4.0::IMapper/default in either framework or device VINTF manifest.
05-08 01:00:07.018 17656 17693 I Gralloc4: mapper 4.x is not supported
05-08 01:00:07.019  4240  4240 I hwservicemanager: getTransport: Cannot find entry android.hardware.graphics.mapper@3.0::IMapper/default in either framework or device VINTF manifest.
05-08 01:00:07.019 17656 17693 W Gralloc3: mapper 3.x is not supported
05-08 01:00:07.021 17656 17694 D ViewRootImpl@4b0ecf3[InstrumentationActivityInvoker$EmptyActivity]: Received frameDrawingCallback frameNum=1. Creating transactionCompleteCallback=false
05-08 01:00:07.022 17656 17693 I gralloc : Arm Module v1.0
05-08 01:00:07.024  4240  4240 I hwservicemanager: getTransport: Cannot find entry android.hardware.graphics.allocator@4.0::IAllocator/default in either framework or device VINTF manifest.
05-08 01:00:07.024 17656 17693 W Gralloc4: allocator 4.x is not supported
05-08 01:00:07.024  4240  4240 I hwservicemanager: getTransport: Cannot find entry android.hardware.graphics.allocator@3.0::IAllocator/default in either framework or device VINTF manifest.
05-08 01:00:07.025 17656 17693 W Gralloc3: allocator 3.x is not supported
05-08 01:00:07.027  5142  5142 I Layer   : id=31614 removeFromCurrentState Surface(name=ba6b7dd StatusBar)/@0x5e7fe9b - animation-leash of insets_animation#0 (148)
05-08 01:00:07.027  5142  5142 I Layer   : id=83 removeFromCurrentState ba6b7dd StatusBar#0 (148)
05-08 01:00:07.027  5142  5142 I Layer   : id=92 removeFromCurrentState StatusBar$_5955#0 (148)
05-08 01:00:07.027  5142  5142 I Layer   : id=83 addToCurrentState ba6b7dd StatusBar#0 (148)
05-08 01:00:07.027  5142  5142 I Layer   : id=92 addToCurrentState StatusBar$_5955#0 (148)
05-08 01:00:07.027  5142  5142 I Layer   : id=31615 removeFromCurrentState Surface(name=ab5285f NavigationBar0)/@0xe452fcc - animation-leash of insets_animation#1 (148)
05-08 01:00:07.027  5142  5142 I SurfaceFlinger: id=31614 Removed Surface(name=ba6b7dd StatusBar)/@0x5e7fe9b - animation-leash of insets_animation#0 (148)
05-08 01:00:07.027  5142  5142 I SurfaceFlinger: id=31615 Removed Surface(name=ab5285f NavigationBar0)/@0xe452fcc - animation-leash of insets_animation#1 (148)
05-08 01:00:07.027  5142  5142 I Layer   : id=31614 Destroyed Surface(name=ba6b7dd StatusBar)/@0x5e7fe9b - animation-leash of insets_animation#0
05-08 01:00:07.027  5142  5142 I Layer   : id=31615 Destroyed Surface(name=ab5285f NavigationBar0)/@0xe452fcc - animation-leash of insets_animation#1
05-08 01:00:07.029  5488  7741 D InputDispatcher: Focus request (0): 2012562 com.example.mad_toodle.test/androidx.test.core.app.InstrumentationActivityInvoker$EmptyActivity but waiting because NOT_VISIBLE
05-08 01:00:07.053 17656 17679 D ViewRootImpl@4b0ecf3[InstrumentationActivityInvoker$EmptyActivity]: Received frameCompleteCallback  lastAcquiredFrameNum=1 lastAttemptedDrawFrameNum=1
05-08 01:00:07.057 17656 17656 I ViewRootImpl@4b0ecf3[InstrumentationActivityInvoker$EmptyActivity]: [DP] pdf(0) 1 android.view.ViewRootImpl.lambda$addFrameCompleteCallbackIfNeeded$3$ViewRootImpl:5000 android.view.ViewRootImpl$$ExternalSyntheticLambda16.run:6 android.os.Handler.handleCallback:938
05-08 01:00:07.057 17656 17656 I ViewRootImpl@4b0ecf3[InstrumentationActivityInvoker$EmptyActivity]: [DP] rdf()
05-08 01:00:07.057 17656 17656 D ViewRootImpl@4b0ecf3[InstrumentationActivityInvoker$EmptyActivity]: reportDrawFinished (fn: -1)
05-08 01:00:07.060  5142  5142 E SurfaceFlinger: Attempt to update InputPolicyFlags without permission ACCESS_SURFACE_FLINGER
05-08 01:00:07.062  5488  5543 I SemDvfsHyPerManager: acquire hyper - AMS_RESUME_TAIL/5488@14, type = -999
05-08 01:00:07.062  5488  5543 I SemDvfsHyPerManager: acquire hyper - AMS_ACT_LAZY/5488@15, type = -999
05-08 01:00:07.062  5488  5539 W ziparchive: Unable to open '/data/app/~~Uge1OlUWoli78wMaE4q3vA==/com.example.mad_toodle.test-rYfdJh64oP4ENo6d9nDRYQ==/base.dm': No such file or directory
05-08 01:00:07.063  5113  5155 I HYPER-HAL: [RequestManager.cpp]acquire(): Acquired ID : 15138767  [5488 / 14]    HINT : AMS_RESUME_TAIL    list :
05-08 01:00:07.064  5488  5539 I PkgPredictorService-SecIpmManagerServiceImpl: reportToNAP uid:12345 com.example.mad_toodle.test/androidx.test.core.app.InstrumentationActivityInvoker$EmptyActivity thisTime:675
05-08 01:00:07.065  5113  5155 I HYPER-HAL: [RequestManager.cpp]releaseLocked(): Released ID : 15171806
05-08 01:00:07.070  5488  5539 I ActivityTaskManager: Displayed com.example.mad_toodle.test/androidx.test.core.app.InstrumentationActivityInvoker$EmptyActivity: +675ms
05-08 01:00:07.071  6557  6557 E pageboostd: Received HALT command code 2
05-08 01:00:07.076  5142  5142 I Layer   : id=31620 Destroyed Screenshot Parent
05-08 01:00:07.078  5488  7741 D InputDispatcher: Focus entered window (0): 2012562 com.example.mad_toodle.test/androidx.test.core.app.InstrumentationActivityInvoker$EmptyActivity
05-08 01:00:07.083  5142  5142 D SurfaceFlinger: Display 0 HWC layers:
05-08 01:00:07.083  5142  5142 D SurfaceFlinger:      DEVICE | 0x7b3d6c4f40 | 0102 | RGBA_8888    |    0.0    0.0 1080.0 2340.0 |    0    0 1080 2340 | com.example.mad_toodle.test/androidx[...]tivityInvoker$EmptyActivity$_17656#0
05-08 01:00:07.083  5142  5142 D SurfaceFlinger:      DEVICE | 0x7b63b77980 | 0100 | RGBA_8888    |    0.0    0.0 1080.0 2340.0 |    0    0 1080 2340 | Splash Screen com.example.mad_toodle.test$_5955#0
05-08 01:00:07.083  5142  5142 D SurfaceFlinger:      DEVICE | 0x7b63b74dc0 | 0100 | RGBA_8888    |    0.0    0.0 1080.0   78.0 |    0    0 1080   78 | StatusBar$_5955#0
05-08 01:00:07.083  5142  5142 D SurfaceFlinger:      DEVICE | 0x7b63abe1c0 | 0100 | RGBA_8888    |    0.0    0.0   67.0  331.0 |    0 1538   67 1869 | com.samsung.android.app.cocktailbars[...]arservice.CocktailBarService$_7790#0
05-08 01:00:07.083  5142  5142 D SurfaceFlinger:      DEVICE | 0x7b63b757c0 | 0100 | RGBA_8888    |    0.0    0.0  683.0  116.0 |  198 1930  881 2046 | Toast$_5955#0
05-08 01:00:07.083  5142  5142 D SurfaceFlinger:      DEVICE | 0x7b63abd540 | 0100 | RGBA_8888    |    0.0    0.0 1080.0  126.0 |    0 2214 1080 2340 | NavigationBar0$_5955#0
05-08 01:00:07.083  5142  5142 D SurfaceFlinger:      DEVICE | 0x7b63abdcc0 | 0140 | RGBA_8888    |    0.0    0.0 1080.0  151.0 |    0    0 1080  151 | ScreenDecorOverlay$
05-08 01:00:07.083  5142  5142 D SurfaceFlinger: _5955#0
05-08 01:00:07.083  5142  5142 D SurfaceFlinger:      DEVICE | 0x7b61fc77c0 | 0140 | RGBA_8888    |    0.0    0.0 1080.0  151.0 |    0 2189 1080 2340 | ScreenDecorOverlayBottom$_5955#0
05-08 01:00:07.083  5142  5142 D SurfaceFlinger:
05-08 01:00:07.084  5142  5735 I SurfaceFlinger: id=31621 createSurf (0x0),-1 flag=24000, Surface(name=2012562 com.example.mad_toodle.test/androidx.test.core.app.InstrumentationActivityInvoker$EmptyActivity)/@0x3e974c8 - animation-leash of starting_reveal#0
05-08 01:00:07.087 17561 17561 I ViewRootImpl@8ec3e9d[LoginActivity]: stopped(true) old=false
05-08 01:00:07.090 17656 17656 D InsetsSourceConsumer: ensureControlAlpha: for ITYPE_NAVIGATION_BAR on com.example.mad_toodle.test/androidx.test.core.app.InstrumentationActivityInvoker$EmptyActivity
05-08 01:00:07.091 17656 17656 D InsetsSourceConsumer: ensureControlAlpha: for ITYPE_STATUS_BAR on com.example.mad_toodle.test/androidx.test.core.app.InstrumentationActivityInvoker$EmptyActivity
05-08 01:00:07.091 17561 17561 D LifecycleMonitor: Lifecycle status change: com.example.mad_toodle.LoginActivity@6aed316 in: STOPPED
05-08 01:00:07.092 17561 17561 V ActivityScenario: Activity lifecycle changed event received but ignored because the intent does not match. startActivityIntent=Intent { act=android.intent.action.MAIN cat=[android.intent.category.LAUNCHER] flg=0x10008000 cmp=com.example.mad_toodle/.HomeActivity }, activity.getIntent()=Intent { cmp=com.example.mad_toodle/.LoginActivity }, activity=com.example.mad_toodle.LoginActivity@6aed316
05-08 01:00:07.095  5488  7741 D InputDispatcher: Focus left window (0): 2012562 com.example.mad_toodle.test/androidx.test.core.app.InstrumentationActivityInvoker$EmptyActivity
05-08 01:00:07.100  5955  6776 I ViewRootImpl@50ba8d7[test]: mWNT: t = android.view.SurfaceControl$Transaction@c9ac465 fN = 2 android.view.SyncRtSurfaceTransactionApplier.applyTransaction:94 android.view.SyncRtSurfaceTransactionApplier.lambda$scheduleApply$0$SyncRtSurfaceTransactionApplier:71 android.view.SyncRtSurfaceTransactionApplier$$ExternalSyntheticLambda0.onFrameDraw:4
05-08 01:00:07.100  5955  6776 I ViewRootImpl@50ba8d7[test]: mWNT: merge t to BBQ
05-08 01:00:07.100  5955  6776 I ViewRootImpl@50ba8d7[test]: mWNT: t = android.view.SurfaceControl$Transaction@da953a fN = 2 android.view.SyncRtSurfaceTransactionApplier.applyTransaction:94 android.view.SyncRtSurfaceTransactionApplier.lambda$scheduleApply$0$SyncRtSurfaceTransactionApplier:71 android.view.SyncRtSurfaceTransactionApplier$$ExternalSyntheticLambda0.onFrameDraw:4
05-08 01:00:07.100  5955  6776 I ViewRootImpl@50ba8d7[test]: mWNT: merge t to BBQ
05-08 01:00:07.103  5488  7721 I SemDvfsHyPerManager: acquire hyper - AMS_ACT_RESUME/5488@27, type = -999
05-08 01:00:07.104  5488  7721 D InputDispatcher: Focused application set to (0): be63f1
05-08 01:00:07.104  5113  5155 I HYPER-HAL: [RequestManager.cpp]acquire(): Acquired ID : 15210397  [5488 / 27]    HINT : AMS_ACT_RESUME    list :
05-08 01:00:07.106 17561 17561 I MSHandlerLifeCycle: isMultiSplitHandlerRequested: windowingMode=1 isFullscreen=true isPopOver=false isHidden=false skipActivityType=false isHandlerType=true this: DecorView@4cee6f0[LoginActivity]
05-08 01:00:07.107 17561 17561 I MSHandlerLifeCycle: removeMultiSplitHandler: no exist. decor=DecorView@4cee6f0[LoginActivity]
05-08 01:00:07.107  5142  5205 I SurfaceFlinger: id=31622 createSurf (0x0),-1 flag=24000, Surface(name=ba6b7dd StatusBar)/@0x5e7fe9b - animation-leash of insets_animation#0
05-08 01:00:07.107 17561 17561 I ViewRootImpl@f94d5c4[HomeActivity]: stopped(true) old=false
05-08 01:00:07.108 17561 17561 D LifecycleMonitor: Lifecycle status change: com.example.mad_toodle.HomeActivity@4163c0e in: STOPPED
05-08 01:00:07.109  5142  5205 I SurfaceFlinger: id=31623 createSurf (0x0),-1 flag=24000, Surface(name=ab5285f NavigationBar0)/@0xe452fcc - animation-leash of insets_animation#1
05-08 01:00:07.109 17561 17561 V ActivityScenario: Update currentActivityStage to STOPPED, currentActivity=com.example.mad_toodle.HomeActivity@4163c0e
05-08 01:00:07.113  5955  5955 D NavigationBar: onSystemBarAttributesChanged() -  displayId:0, appearance:24 (APPEARANCE_LIGHT_STATUS_BARS APPEARANCE_LIGHT_NAVIGATION_BARS ), navbarColorManagedByIme:false
05-08 01:00:07.114  5955  6775 I ViewRootImpl@50ba8d7[test]: mWNT: t = android.view.SurfaceControl$Transaction@b6565eb fN = 3 android.view.SyncRtSurfaceTransactionApplier.applyTransaction:94 android.view.SyncRtSurfaceTransactionApplier.lambda$scheduleApply$0$SyncRtSurfaceTransactionApplier:71 android.view.SyncRtSurfaceTransactionApplier$$ExternalSyntheticLambda0.onFrameDraw:4
05-08 01:00:07.114  5955  6775 I ViewRootImpl@50ba8d7[test]: mWNT: merge t to BBQ
05-08 01:00:07.115 17561 17561 I MSHandlerLifeCycle: isMultiSplitHandlerRequested: windowingMode=1 isFullscreen=true isPopOver=false isHidden=false skipActivityType=false isHandlerType=true this: DecorView@c61bee6[HomeActivity]
05-08 01:00:07.115 17561 17561 I MSHandlerLifeCycle: removeMultiSplitHandler: no exist. decor=DecorView@c61bee6[HomeActivity]
05-08 01:00:07.120 17561 17561 D LifecycleMonitor: Lifecycle status change: com.example.mad_toodle.HomeActivity@4163c0e in: DESTROYED
05-08 01:00:07.121 17561 17561 V ActivityScenario: Update currentActivityStage to DESTROYED, currentActivity=null
05-08 01:00:07.124 17561 17561 I MSHandlerLifeCycle: removeMultiSplitHandler: no exist. decor=DecorView@c61bee6[HomeActivity]
05-08 01:00:07.125 17561 17604 D OpenGLRenderer: setSurface called with nullptr
05-08 01:00:07.125 17561 17561 I ViewRootImpl@f94d5c4[HomeActivity]: dispatchDetachedFromWindow
05-08 01:00:07.129  5955  6776 I ViewRootImpl@50ba8d7[test]: mWNT: t = android.view.SurfaceControl$Transaction@dfc2f48 fN = 4 android.view.SyncRtSurfaceTransactionApplier.applyTransaction:94 android.view.SyncRtSurfaceTransactionApplier.lambda$scheduleApply$0$SyncRtSurfaceTransactionApplier:71 android.view.SyncRtSurfaceTransactionApplier$$ExternalSyntheticLambda0.onFrameDraw:4
05-08 01:00:07.129  5955  6776 I ViewRootImpl@50ba8d7[test]: mWNT: merge t to BBQ
05-08 01:00:07.135 17656 17656 I ViewRootImpl@4b0ecf3[InstrumentationActivityInvoker$EmptyActivity]: MSG_WINDOW_FOCUS_CHANGED 0 1
05-08 01:00:07.136  5488  7741 D InputTransport: Input channel destroyed: 'c4bda08', fd=989
05-08 01:00:07.136  5488  7741 W InputManager-JNI: Input channel object 'c4bda08 com.example.mad_toodle/com.example.mad_toodle.HomeActivity (client)' was disposed without first being removed with the input manager!
05-08 01:00:07.136  5488  7741 D InputTransport: Input channel destroyed: 'c4bda08', fd=990
05-08 01:00:07.136 17656 17656 I ViewRootImpl@4b0ecf3[InstrumentationActivityInvoker$EmptyActivity]: MSG_WINDOW_FOCUS_CHANGED 0 1
05-08 01:00:07.142 17561 17561 D InputTransport: Input channel destroyed: 'c4bda08', fd=101
05-08 01:00:07.143 17561 17561 I ViewRootImpl@8ec3e9d[LoginActivity]: handleAppVisibility mAppVisible=false visible=true
05-08 01:00:07.144  5142  5142 I Layer   : id=31618 removeFromCurrentState Surface(name=ba6b7dd StatusBar)/@0x5e7fe9b - animation-leash of insets_animation#1 (149)
05-08 01:00:07.144  5142  5142 I Layer   : id=31619 removeFromCurrentState Surface(name=ab5285f NavigationBar0)/@0xe452fcc - animation-leash of insets_animation#0 (149)
05-08 01:00:07.144  5142  5142 I Layer   : id=31588 removeFromCurrentState com.example.mad_toodle/com.example.mad_toodle.HomeActivity$_17561#0 (149)
05-08 01:00:07.145  5142  5142 I Layer   : id=31587 removeFromCurrentState c4bda08 com.example.mad_toodle/com.example.mad_toodle.HomeActivity#0 (149)
05-08 01:00:07.145 17561 17604 D OpenGLRenderer: setSurface called with nullptr
05-08 01:00:07.145  5142  5142 I SurfaceFlinger: id=31587 Removed c4bda08 com.example.mad_toodle/com.example.mad_toodle.HomeActivity#0 (149)
05-08 01:00:07.145  5142  5142 I SurfaceFlinger: id=31588 Removed com.example.mad_toodle/com.example.mad_toodle.HomeActivity$_17561#0 (149)
05-08 01:00:07.145  5142  5142 I SurfaceFlinger: id=31618 Removed Surface(name=ba6b7dd StatusBar)/@0x5e7fe9b - animation-leash of insets_animation#1 (149)
05-08 01:00:07.145  5142  5142 I SurfaceFlinger: id=31619 Removed Surface(name=ab5285f NavigationBar0)/@0xe452fcc - animation-leash of insets_animation#0 (149)
05-08 01:00:07.145  5142  5142 I Layer   : id=31587 Destroyed c4bda08 com.example.mad_toodle/com.example.mad_toodle.HomeActivity#0
05-08 01:00:07.145  5142  5142 I Layer   : id=31588 Destroyed com.example.mad_toodle/com.example.mad_toodle.HomeActivity$_17561#0
05-08 01:00:07.146  5142  5142 I Layer   : id=31618 Destroyed Surface(name=ba6b7dd StatusBar)/@0x5e7fe9b - animation-leash of insets_animation#1
05-08 01:00:07.146  5142  5142 I Layer   : id=31619 Destroyed Surface(name=ab5285f NavigationBar0)/@0xe452fcc - animation-leash of insets_animation#0
05-08 01:00:07.146  5955  6072 D OpenGLRenderer: setSurface called with nullptr
05-08 01:00:07.146  5955  6072 D OpenGLRenderer: setSurface() destroyed EGLSurface
05-08 01:00:07.146  5955  6072 D OpenGLRenderer: destroyEglSurface
05-08 01:00:07.155  5488  7748 V WindowManager: Relayout Window{608d36b u0 com.example.mad_toodle/com.example.mad_toodle.LoginActivity}: viewVisibility=4 req=1080x2340 d0
05-08 01:00:07.158  5488  7748 V WindowManager: Relayout hash=608d36b, pid=17561: mAttrs={(0,0)(fillxfill) sim={adjust=pan forwardNavigation} ty=BASE_APPLICATION wanim=0x1030303
05-08 01:00:07.158  5488  7748 V WindowManager:   fl=85810100
05-08 01:00:07.158  5488  7748 V WindowManager:   pfl=12020040
05-08 01:00:07.158  5488  7748 V WindowManager:   vsysui=500
05-08 01:00:07.158  5488  7748 V WindowManager:   bhv=DEFAULT
05-08 01:00:07.158  5488  7748 V WindowManager:   fitSides= naviIconColor=0}
05-08 01:00:07.159 17561 17574 I ViewRootImpl@8ec3e9d[LoginActivity]: Resizing android.view.ViewRootImpl@5814d88: frame=[0,0][1080,2340] reportDraw=true forceLayout=false backDropFrame=Rect(0, 0 - 1080, 2340)
05-08 01:00:07.160 17561 17561 I ViewRootImpl@8ec3e9d[LoginActivity]: Relayout returned: old=(0,0,1080,2340) new=(0,0,1080,2340) req=(1080,2340)4 dur=14 res=0x5 s={false 0} ch=false fn=-1
05-08 01:00:07.160  5142  5142 I Layer   : id=31580 removeFromCurrentState ActivityRecord{f4d378e u0 com.example.mad_toodle/.HomeActivity t9152}#0 (145)
05-08 01:00:07.161  5142  5142 I SurfaceFlinger: id=31580 Removed ActivityRecord{f4d378e u0 com.example.mad_toodle/.HomeActivity t9152}#0 (145)
05-08 01:00:07.161  5142  5142 I Layer   : id=31580 Destroyed ActivityRecord{f4d378e u0 com.example.mad_toodle/.HomeActivity t9152}#0
05-08 01:00:07.165  5488  7721 V WindowManager: Relayout Window{1fdc695 u0 Splash Screen com.example.mad_toodle.test}: viewVisibility=8 req=1080x2340 d0
05-08 01:00:07.167 17561 17561 I ViewRootImpl@8ec3e9d[LoginActivity]: stopped(false) old=true
05-08 01:00:07.167  5142  5735 I SurfaceFlinger: id=31624 createSurf (0x0),-1 flag=24000, Surface(name=1fdc695 Splash Screen com.example.mad_toodle.test)/@0x23f6a3f - animation-leash of window_animation#0
05-08 01:00:07.169 17561 17584 D FirebaseAuth: Notifying id token listeners about a sign-out event.
05-08 01:00:07.170 17561 17584 D FirebaseAuth: Notifying auth state listeners about a sign-out event.
05-08 01:00:07.172 17561 17561 D LifecycleMonitor: Lifecycle status change: com.example.mad_toodle.LoginActivity@6aed316 in: RESTARTED
05-08 01:00:07.173 17561 17561 D LifecycleMonitor: Lifecycle status change: com.example.mad_toodle.LoginActivity@6aed316 in: STARTED
05-08 01:00:07.173 17561 17584 I TestRunner: finished: testLogoutFlow(com.example.mad_toodle.LogoutTest)
